<!doctype html public "-//w3c//dtd html 4.0 transitional//en">
<html><head>
<title>Static Call Graph - [WOLF-Lite\WOLF-Lite.axf]</title></head>
<body><HR>
<H1>Static Call Graph for image WOLF-Lite\WOLF-Lite.axf</H1><HR>
<BR><P>#&#060CALLGRAPH&#062# ARM Linker, 6150002: Last Updated: Sat Jan 30 22:50:57 2021
<BR><P>
<H3>Maximum Stack Usage =        780 bytes + Unknown(Functions without stacksize, Cycles, Untraceable Function Pointers)</H3><H3>
Call chain for Maximum Stack Depth:</H3>
__rt_entry_main &rArr; main &rArr; LoadCalibration &rArr; SaveCalibration &rArr; EEPROM_Write_Data &rArr; EEPROM_Read_Data &rArr;  EEPROM_Read_Data (Cycle)
<P>
<H3>
Functions with no stack information
</H3><UL>
 <LI><a href="#[150]">__user_initial_stackheap</a>
</UL>
</UL>
<P>
<H3>
Mutually Recursive functions
</H3> <LI><a href="#[53]">ADC_IRQHandler</a>&nbsp;&nbsp;&nbsp;&rArr;&nbsp;&nbsp;&nbsp;<a href="#[53]">ADC_IRQHandler</a><BR>
 <LI><a href="#[1b6]">arm_quick_sort_core_f32</a>&nbsp;&nbsp;&nbsp;&rArr;&nbsp;&nbsp;&nbsp;<a href="#[1b6]">arm_quick_sort_core_f32</a><BR>
 <LI><a href="#[166]">EEPROM_Read_Data</a>&nbsp;&nbsp;&nbsp;&rArr;&nbsp;&nbsp;&nbsp;<a href="#[166]">EEPROM_Read_Data</a><BR>
</UL>
<P>
<H3>
Function Pointers
</H3><UL>
 <LI><a href="#[53]">ADC_IRQHandler</a> from startup_stm32f407xx.o(.text) referenced from startup_stm32f407xx.o(RESET)
 <LI><a href="#[32]">AUDIO_DeInit_FS</a> from lto-llvm-ea22a7.o(.text.AUDIO_DeInit_FS) referenced 2 times from lto-llvm-ea22a7.o(.data.USBD_AUDIO_fops_FS)
 <LI><a href="#[31]">AUDIO_Init_FS</a> from lto-llvm-ea22a7.o(.text.AUDIO_Init_FS) referenced 2 times from lto-llvm-ea22a7.o(.data.USBD_AUDIO_fops_FS)
 <LI><a href="#[3b]">BusFault_Handler</a> from lto-llvm-ea22a7.o(.text.BusFault_Handler) referenced from startup_stm32f407xx.o(RESET)
 <LI><a href="#[55]">CAN1_RX0_IRQHandler</a> from startup_stm32f407xx.o(.text) referenced from startup_stm32f407xx.o(RESET)
 <LI><a href="#[56]">CAN1_RX1_IRQHandler</a> from startup_stm32f407xx.o(.text) referenced from startup_stm32f407xx.o(RESET)
 <LI><a href="#[57]">CAN1_SCE_IRQHandler</a> from startup_stm32f407xx.o(.text) referenced from startup_stm32f407xx.o(RESET)
 <LI><a href="#[54]">CAN1_TX_IRQHandler</a> from startup_stm32f407xx.o(.text) referenced from startup_stm32f407xx.o(RESET)
 <LI><a href="#[81]">CAN2_RX0_IRQHandler</a> from startup_stm32f407xx.o(.text) referenced from startup_stm32f407xx.o(RESET)
 <LI><a href="#[82]">CAN2_RX1_IRQHandler</a> from startup_stm32f407xx.o(.text) referenced from startup_stm32f407xx.o(RESET)
 <LI><a href="#[83]">CAN2_SCE_IRQHandler</a> from startup_stm32f407xx.o(.text) referenced from startup_stm32f407xx.o(RESET)
 <LI><a href="#[80]">CAN2_TX_IRQHandler</a> from startup_stm32f407xx.o(.text) referenced from startup_stm32f407xx.o(RESET)
 <LI><a href="#[23]">CAT_Control_FS</a> from lto-llvm-ea22a7.o(.text.CAT_Control_FS) referenced 2 times from lto-llvm-ea22a7.o(.data.USBD_CAT_fops_FS)
 <LI><a href="#[22]">CAT_DeInit_FS</a> from lto-llvm-ea22a7.o(.text.CAT_DeInit_FS) referenced 2 times from lto-llvm-ea22a7.o(.data.USBD_CAT_fops_FS)
 <LI><a href="#[21]">CAT_Init_FS</a> from lto-llvm-ea22a7.o(.text.CAT_Init_FS) referenced 2 times from lto-llvm-ea22a7.o(.data.USBD_CAT_fops_FS)
 <LI><a href="#[24]">CAT_Receive_FS</a> from lto-llvm-ea22a7.o(.text.CAT_Receive_FS) referenced 2 times from lto-llvm-ea22a7.o(.data.USBD_CAT_fops_FS)
 <LI><a href="#[8f]">DCMI_IRQHandler</a> from startup_stm32f407xx.o(.text) referenced from startup_stm32f407xx.o(RESET)
 <LI><a href="#[35]">DEBUG_Control_FS</a> from lto-llvm-ea22a7.o(.text.DEBUG_Control_FS) referenced 2 times from lto-llvm-ea22a7.o(.data.USBD_DEBUG_fops_FS)
 <LI><a href="#[34]">DEBUG_DeInit_FS</a> from lto-llvm-ea22a7.o(.text.DEBUG_DeInit_FS) referenced 2 times from lto-llvm-ea22a7.o(.data.USBD_DEBUG_fops_FS)
 <LI><a href="#[33]">DEBUG_Init_FS</a> from lto-llvm-ea22a7.o(.text.DEBUG_Init_FS) referenced 2 times from lto-llvm-ea22a7.o(.data.USBD_DEBUG_fops_FS)
 <LI><a href="#[36]">DEBUG_Receive_FS</a> from lto-llvm-ea22a7.o(.text.DEBUG_Receive_FS) referenced 2 times from lto-llvm-ea22a7.o(.data.USBD_DEBUG_fops_FS)
 <LI><a href="#[4c]">DMA1_Stream0_IRQHandler</a> from lto-llvm-ea22a7.o(.text.DMA1_Stream0_IRQHandler) referenced from startup_stm32f407xx.o(RESET)
 <LI><a href="#[4d]">DMA1_Stream1_IRQHandler</a> from startup_stm32f407xx.o(.text) referenced from startup_stm32f407xx.o(RESET)
 <LI><a href="#[4e]">DMA1_Stream2_IRQHandler</a> from startup_stm32f407xx.o(.text) referenced from startup_stm32f407xx.o(RESET)
 <LI><a href="#[4f]">DMA1_Stream3_IRQHandler</a> from startup_stm32f407xx.o(.text) referenced from startup_stm32f407xx.o(RESET)
 <LI><a href="#[50]">DMA1_Stream4_IRQHandler</a> from startup_stm32f407xx.o(.text) referenced from startup_stm32f407xx.o(RESET)
 <LI><a href="#[51]">DMA1_Stream5_IRQHandler</a> from lto-llvm-ea22a7.o(.text.DMA1_Stream5_IRQHandler) referenced from startup_stm32f407xx.o(RESET)
 <LI><a href="#[52]">DMA1_Stream6_IRQHandler</a> from startup_stm32f407xx.o(.text) referenced from startup_stm32f407xx.o(RESET)
 <LI><a href="#[70]">DMA1_Stream7_IRQHandler</a> from startup_stm32f407xx.o(.text) referenced from startup_stm32f407xx.o(RESET)
 <LI><a href="#[79]">DMA2_Stream0_IRQHandler</a> from startup_stm32f407xx.o(.text) referenced from startup_stm32f407xx.o(RESET)
 <LI><a href="#[7a]">DMA2_Stream1_IRQHandler</a> from lto-llvm-ea22a7.o(.text.DMA2_Stream1_IRQHandler) referenced from startup_stm32f407xx.o(RESET)
 <LI><a href="#[7b]">DMA2_Stream2_IRQHandler</a> from lto-llvm-ea22a7.o(.text.DMA2_Stream2_IRQHandler) referenced from startup_stm32f407xx.o(RESET)
 <LI><a href="#[7c]">DMA2_Stream3_IRQHandler</a> from startup_stm32f407xx.o(.text) referenced from startup_stm32f407xx.o(RESET)
 <LI><a href="#[7d]">DMA2_Stream4_IRQHandler</a> from startup_stm32f407xx.o(.text) referenced from startup_stm32f407xx.o(RESET)
 <LI><a href="#[85]">DMA2_Stream5_IRQHandler</a> from lto-llvm-ea22a7.o(.text.DMA2_Stream5_IRQHandler) referenced from startup_stm32f407xx.o(RESET)
 <LI><a href="#[86]">DMA2_Stream6_IRQHandler</a> from lto-llvm-ea22a7.o(.text.DMA2_Stream6_IRQHandler) referenced from startup_stm32f407xx.o(RESET)
 <LI><a href="#[87]">DMA2_Stream7_IRQHandler</a> from startup_stm32f407xx.o(.text) referenced from startup_stm32f407xx.o(RESET)
 <LI><a href="#[3e]">DebugMon_Handler</a> from lto-llvm-ea22a7.o(.text.DebugMon_Handler) referenced from startup_stm32f407xx.o(RESET)
 <LI><a href="#[7e]">ETH_IRQHandler</a> from startup_stm32f407xx.o(.text) referenced from startup_stm32f407xx.o(RESET)
 <LI><a href="#[7f]">ETH_WKUP_IRQHandler</a> from startup_stm32f407xx.o(.text) referenced from startup_stm32f407xx.o(RESET)
 <LI><a href="#[47]">EXTI0_IRQHandler</a> from lto-llvm-ea22a7.o(.text.EXTI0_IRQHandler) referenced from startup_stm32f407xx.o(RESET)
 <LI><a href="#[69]">EXTI15_10_IRQHandler</a> from lto-llvm-ea22a7.o(.text.EXTI15_10_IRQHandler) referenced from startup_stm32f407xx.o(RESET)
 <LI><a href="#[48]">EXTI1_IRQHandler</a> from lto-llvm-ea22a7.o(.text.EXTI1_IRQHandler) referenced from startup_stm32f407xx.o(RESET)
 <LI><a href="#[49]">EXTI2_IRQHandler</a> from lto-llvm-ea22a7.o(.text.EXTI2_IRQHandler) referenced from startup_stm32f407xx.o(RESET)
 <LI><a href="#[4a]">EXTI3_IRQHandler</a> from lto-llvm-ea22a7.o(.text.EXTI3_IRQHandler) referenced from startup_stm32f407xx.o(RESET)
 <LI><a href="#[4b]">EXTI4_IRQHandler</a> from startup_stm32f407xx.o(.text) referenced from startup_stm32f407xx.o(RESET)
 <LI><a href="#[58]">EXTI9_5_IRQHandler</a> from lto-llvm-ea22a7.o(.text.EXTI9_5_IRQHandler) referenced from startup_stm32f407xx.o(RESET)
 <LI><a href="#[45]">FLASH_IRQHandler</a> from startup_stm32f407xx.o(.text) referenced from startup_stm32f407xx.o(RESET)
 <LI><a href="#[71]">FMC_IRQHandler</a> from startup_stm32f407xx.o(.text) referenced from startup_stm32f407xx.o(RESET)
 <LI><a href="#[91]">FPU_IRQHandler</a> from startup_stm32f407xx.o(.text) referenced from startup_stm32f407xx.o(RESET)
 <LI><a href="#[14]">FRONTPANEL_BUTTONHANDLER_AGC</a> from lto-llvm-ea22a7.o(.text.FRONTPANEL_BUTTONHANDLER_AGC) referenced 2 times from lto-llvm-ea22a7.o(.data.PERIPH_FrontPanel_BottomScroll_Buttons)
 <LI><a href="#[15]">FRONTPANEL_BUTTONHANDLER_AGC_SPEED</a> from lto-llvm-ea22a7.o(.text.FRONTPANEL_BUTTONHANDLER_AGC_SPEED) referenced 2 times from lto-llvm-ea22a7.o(.data.PERIPH_FrontPanel_BottomScroll_Buttons)
 <LI><a href="#[a]">FRONTPANEL_BUTTONHANDLER_ATT</a> from lto-llvm-ea22a7.o(.text.FRONTPANEL_BUTTONHANDLER_ATT) referenced 2 times from lto-llvm-ea22a7.o(.data.PERIPH_FrontPanel_BottomScroll_Buttons)
 <LI><a href="#[b]">FRONTPANEL_BUTTONHANDLER_ATTHOLD</a> from lto-llvm-ea22a7.o(.text.FRONTPANEL_BUTTONHANDLER_ATTHOLD) referenced 2 times from lto-llvm-ea22a7.o(.data.PERIPH_FrontPanel_BottomScroll_Buttons)
 <LI><a href="#[f]">FRONTPANEL_BUTTONHANDLER_ArB</a> from lto-llvm-ea22a7.o(.text.FRONTPANEL_BUTTONHANDLER_ArB) referenced 2 times from lto-llvm-ea22a7.o(.data.PERIPH_FrontPanel_BottomScroll_Buttons)
 <LI><a href="#[e]">FRONTPANEL_BUTTONHANDLER_AsB</a> from lto-llvm-ea22a7.o(.text.FRONTPANEL_BUTTONHANDLER_AsB) referenced 2 times from lto-llvm-ea22a7.o(.data.PERIPH_FrontPanel_BottomScroll_Buttons)
 <LI><a href="#[1a]">FRONTPANEL_BUTTONHANDLER_BANDMAP</a> from lto-llvm-ea22a7.o(.text.FRONTPANEL_BUTTONHANDLER_BANDMAP) referenced 4 times from lto-llvm-ea22a7.o(.data.PERIPH_FrontPanel_BottomScroll_Buttons)
 <LI><a href="#[20]">FRONTPANEL_BUTTONHANDLER_BAND_N</a> from lto-llvm-ea22a7.o(.text.FRONTPANEL_BUTTONHANDLER_BAND_N) referenced 2 times from lto-llvm-ea22a7.o(.data.PERIPH_FrontPanel_Static_Buttons)
 <LI><a href="#[1f]">FRONTPANEL_BUTTONHANDLER_BAND_P</a> from lto-llvm-ea22a7.o(.text.FRONTPANEL_BUTTONHANDLER_BAND_P) referenced 2 times from lto-llvm-ea22a7.o(.data.PERIPH_FrontPanel_Static_Buttons)
 <LI><a href="#[c]">FRONTPANEL_BUTTONHANDLER_BW</a> from lto-llvm-ea22a7.o(.text.FRONTPANEL_BUTTONHANDLER_BW) referenced 2 times from lto-llvm-ea22a7.o(.data.PERIPH_FrontPanel_BottomScroll_Buttons)
 <LI><a href="#[16]">FRONTPANEL_BUTTONHANDLER_CLAR</a> from lto-llvm-ea22a7.o(.text.FRONTPANEL_BUTTONHANDLER_CLAR) referenced 4 times from lto-llvm-ea22a7.o(.data.PERIPH_FrontPanel_BottomScroll_Buttons)
 <LI><a href="#[13]">FRONTPANEL_BUTTONHANDLER_FAST</a> from lto-llvm-ea22a7.o(.text.FRONTPANEL_BUTTONHANDLER_FAST) referenced 4 times from lto-llvm-ea22a7.o(.data.PERIPH_FrontPanel_BottomScroll_Buttons)
 <LI><a href="#[d]">FRONTPANEL_BUTTONHANDLER_HPF</a> from lto-llvm-ea22a7.o(.text.FRONTPANEL_BUTTONHANDLER_HPF) referenced 2 times from lto-llvm-ea22a7.o(.data.PERIPH_FrontPanel_BottomScroll_Buttons)
 <LI><a href="#[1c]">FRONTPANEL_BUTTONHANDLER_KEYER</a> from lto-llvm-ea22a7.o(.text.FRONTPANEL_BUTTONHANDLER_KEYER) referenced 4 times from lto-llvm-ea22a7.o(.data.PERIPH_FrontPanel_BottomScroll_Buttons)
 <LI><a href="#[18]">FRONTPANEL_BUTTONHANDLER_LOCK</a> from lto-llvm-ea22a7.o(.text.FRONTPANEL_BUTTONHANDLER_LOCK) referenced 4 times from lto-llvm-ea22a7.o(.data.PERIPH_FrontPanel_BottomScroll_Buttons)
 <LI><a href="#[18]">FRONTPANEL_BUTTONHANDLER_LOCK</a> from lto-llvm-ea22a7.o(.text.FRONTPANEL_BUTTONHANDLER_LOCK) referenced 2 times from lto-llvm-ea22a7.o(.text.FRONTPANEL_Process)
 <LI><a href="#[1d]">FRONTPANEL_BUTTONHANDLER_MODE_N</a> from lto-llvm-ea22a7.o(.text.FRONTPANEL_BUTTONHANDLER_MODE_N) referenced 2 times from lto-llvm-ea22a7.o(.data.PERIPH_FrontPanel_Static_Buttons)
 <LI><a href="#[1e]">FRONTPANEL_BUTTONHANDLER_MODE_P</a> from lto-llvm-ea22a7.o(.text.FRONTPANEL_BUTTONHANDLER_MODE_P) referenced 2 times from lto-llvm-ea22a7.o(.data.PERIPH_FrontPanel_Static_Buttons)
 <LI><a href="#[17]">FRONTPANEL_BUTTONHANDLER_MUTE</a> from lto-llvm-ea22a7.o(.text.FRONTPANEL_BUTTONHANDLER_MUTE) referenced 4 times from lto-llvm-ea22a7.o(.data.PERIPH_FrontPanel_BottomScroll_Buttons)
 <LI><a href="#[12]">FRONTPANEL_BUTTONHANDLER_NOTCH</a> from lto-llvm-ea22a7.o(.text.FRONTPANEL_BUTTONHANDLER_NOTCH) referenced 4 times from lto-llvm-ea22a7.o(.data.PERIPH_FrontPanel_BottomScroll_Buttons)
 <LI><a href="#[9]">FRONTPANEL_BUTTONHANDLER_PRE</a> from lto-llvm-ea22a7.o(.text.FRONTPANEL_BUTTONHANDLER_PRE) referenced 4 times from lto-llvm-ea22a7.o(.data.PERIPH_FrontPanel_BottomScroll_Buttons)
 <LI><a href="#[10]">FRONTPANEL_BUTTONHANDLER_RF_POWER</a> from lto-llvm-ea22a7.o(.text.FRONTPANEL_BUTTONHANDLER_RF_POWER) referenced 4 times from lto-llvm-ea22a7.o(.data.PERIPH_FrontPanel_BottomScroll_Buttons)
 <LI><a href="#[11]">FRONTPANEL_BUTTONHANDLER_TUNE</a> from lto-llvm-ea22a7.o(.text.FRONTPANEL_BUTTONHANDLER_TUNE) referenced 4 times from lto-llvm-ea22a7.o(.data.PERIPH_FrontPanel_BottomScroll_Buttons)
 <LI><a href="#[19]">FRONTPANEL_BUTTONHANDLER_VOLUME</a> from lto-llvm-ea22a7.o(.text.FRONTPANEL_BUTTONHANDLER_VOLUME) referenced 4 times from lto-llvm-ea22a7.o(.data.PERIPH_FrontPanel_BottomScroll_Buttons)
 <LI><a href="#[1b]">FRONTPANEL_BUTTONHANDLER_WPM</a> from lto-llvm-ea22a7.o(.text.FRONTPANEL_BUTTONHANDLER_WPM) referenced 4 times from lto-llvm-ea22a7.o(.data.PERIPH_FrontPanel_BottomScroll_Buttons)
 <LI><a href="#[9e]">HAL_I2SEx_FullDuplex_IRQHandler</a> from lto-llvm-ea22a7.o(.text.HAL_I2SEx_FullDuplex_IRQHandler) referenced 2 times from lto-llvm-ea22a7.o(.text.main)
 <LI><a href="#[90]">HASH_RNG_IRQHandler</a> from startup_stm32f407xx.o(.text) referenced from startup_stm32f407xx.o(RESET)
 <LI><a href="#[39]">HardFault_Handler</a> from lto-llvm-ea22a7.o(.text.HardFault_Handler) referenced from startup_stm32f407xx.o(RESET)
 <LI><a href="#[61]">I2C1_ER_IRQHandler</a> from startup_stm32f407xx.o(.text) referenced from startup_stm32f407xx.o(RESET)
 <LI><a href="#[60]">I2C1_EV_IRQHandler</a> from startup_stm32f407xx.o(.text) referenced from startup_stm32f407xx.o(RESET)
 <LI><a href="#[63]">I2C2_ER_IRQHandler</a> from startup_stm32f407xx.o(.text) referenced from startup_stm32f407xx.o(RESET)
 <LI><a href="#[62]">I2C2_EV_IRQHandler</a> from startup_stm32f407xx.o(.text) referenced from startup_stm32f407xx.o(RESET)
 <LI><a href="#[8a]">I2C3_ER_IRQHandler</a> from startup_stm32f407xx.o(.text) referenced from startup_stm32f407xx.o(RESET)
 <LI><a href="#[89]">I2C3_EV_IRQHandler</a> from startup_stm32f407xx.o(.text) referenced from startup_stm32f407xx.o(RESET)
 <LI><a href="#[98]">I2SEx_TxRxDMACplt</a> from lto-llvm-ea22a7.o(.text.I2SEx_TxRxDMACplt) referenced 2 times from lto-llvm-ea22a7.o(.text.WM8731_start_i2s_and_dma)
 <LI><a href="#[99]">I2SEx_TxRxDMAError</a> from lto-llvm-ea22a7.o(.text.I2SEx_TxRxDMAError) referenced 2 times from lto-llvm-ea22a7.o(.text.WM8731_start_i2s_and_dma)
 <LI><a href="#[97]">I2SEx_TxRxDMAHalfCplt</a> from lto-llvm-ea22a7.o(.text.I2SEx_TxRxDMAHalfCplt) referenced 2 times from lto-llvm-ea22a7.o(.text.WM8731_start_i2s_and_dma)
 <LI><a href="#[9d]">I2S_IRQHandler</a> from lto-llvm-ea22a7.o(.text.I2S_IRQHandler) referenced 2 times from lto-llvm-ea22a7.o(.text.main)
 <LI><a href="#[3a]">MemManage_Handler</a> from lto-llvm-ea22a7.o(.text.MemManage_Handler) referenced from startup_stm32f407xx.o(RESET)
 <LI><a href="#[38]">NMI_Handler</a> from lto-llvm-ea22a7.o(.text.NMI_Handler) referenced from startup_stm32f407xx.o(RESET)
 <LI><a href="#[84]">OTG_FS_IRQHandler</a> from lto-llvm-ea22a7.o(.text.OTG_FS_IRQHandler) referenced from startup_stm32f407xx.o(RESET)
 <LI><a href="#[6b]">OTG_FS_WKUP_IRQHandler</a> from startup_stm32f407xx.o(.text) referenced from startup_stm32f407xx.o(RESET)
 <LI><a href="#[8c]">OTG_HS_EP1_IN_IRQHandler</a> from startup_stm32f407xx.o(.text) referenced from startup_stm32f407xx.o(RESET)
 <LI><a href="#[8b]">OTG_HS_EP1_OUT_IRQHandler</a> from startup_stm32f407xx.o(.text) referenced from startup_stm32f407xx.o(RESET)
 <LI><a href="#[8e]">OTG_HS_IRQHandler</a> from startup_stm32f407xx.o(.text) referenced from startup_stm32f407xx.o(RESET)
 <LI><a href="#[8d]">OTG_HS_WKUP_IRQHandler</a> from startup_stm32f407xx.o(.text) referenced from startup_stm32f407xx.o(RESET)
 <LI><a href="#[42]">PVD_IRQHandler</a> from startup_stm32f407xx.o(.text) referenced from startup_stm32f407xx.o(RESET)
 <LI><a href="#[3f]">PendSV_Handler</a> from lto-llvm-ea22a7.o(.text.PendSV_Handler) referenced from startup_stm32f407xx.o(RESET)
 <LI><a href="#[46]">RCC_IRQHandler</a> from startup_stm32f407xx.o(.text) referenced from startup_stm32f407xx.o(RESET)
 <LI><a href="#[6a]">RTC_Alarm_IRQHandler</a> from startup_stm32f407xx.o(.text) referenced from startup_stm32f407xx.o(RESET)
 <LI><a href="#[44]">RTC_WKUP_IRQHandler</a> from startup_stm32f407xx.o(.text) referenced from startup_stm32f407xx.o(RESET)
 <LI><a href="#[37]">Reset_Handler</a> from startup_stm32f407xx.o(.text) referenced from startup_stm32f407xx.o(RESET)
 <LI><a href="#[72]">SDIO_IRQHandler</a> from startup_stm32f407xx.o(.text) referenced from startup_stm32f407xx.o(RESET)
 <LI><a href="#[64]">SPI1_IRQHandler</a> from startup_stm32f407xx.o(.text) referenced from startup_stm32f407xx.o(RESET)
 <LI><a href="#[65]">SPI2_IRQHandler</a> from startup_stm32f407xx.o(.text) referenced from startup_stm32f407xx.o(RESET)
 <LI><a href="#[74]">SPI3_IRQHandler</a> from lto-llvm-ea22a7.o(.text.SPI3_IRQHandler) referenced from startup_stm32f407xx.o(RESET)
 <LI><a href="#[3d]">SVC_Handler</a> from lto-llvm-ea22a7.o(.text.SVC_Handler) referenced from startup_stm32f407xx.o(RESET)
 <LI><a href="#[d4]">SYSMENU_HANDL_ADCMENU</a> from lto-llvm-ea22a7.o(.text.SYSMENU_HANDL_ADCMENU) referenced from lto-llvm-ea22a7.o(.rodata.sysmenu_handlers)
 <LI><a href="#[9f]">SYSMENU_HANDL_ADC_DRIVER</a> from lto-llvm-ea22a7.o(.text.SYSMENU_HANDL_ADC_DRIVER) referenced from lto-llvm-ea22a7.o(.rodata.sysmenu_adc_handlers)
 <LI><a href="#[a0]">SYSMENU_HANDL_ADC_SHDN</a> from lto-llvm-ea22a7.o(.text.SYSMENU_HANDL_ADC_SHDN) referenced from lto-llvm-ea22a7.o(.rodata.sysmenu_adc_handlers)
 <LI><a href="#[d1]">SYSMENU_HANDL_AUDIOMENU</a> from lto-llvm-ea22a7.o(.text.SYSMENU_HANDL_AUDIOMENU) referenced from lto-llvm-ea22a7.o(.rodata.sysmenu_handlers)
 <LI><a href="#[a3]">SYSMENU_HANDL_AUDIO_AGC_GAIN_TARGET</a> from lto-llvm-ea22a7.o(.text.SYSMENU_HANDL_AUDIO_AGC_GAIN_TARGET) referenced from lto-llvm-ea22a7.o(.rodata.sysmenu_audio_handlers)
 <LI><a href="#[ac]">SYSMENU_HANDL_AUDIO_AM_LPF_pass</a> from lto-llvm-ea22a7.o(.text.SYSMENU_HANDL_AUDIO_AM_LPF_pass) referenced from lto-llvm-ea22a7.o(.rodata.sysmenu_audio_handlers)
 <LI><a href="#[b8]">SYSMENU_HANDL_AUDIO_Beeper</a> from lto-llvm-ea22a7.o(.text.SYSMENU_HANDL_AUDIO_Beeper) referenced from lto-llvm-ea22a7.o(.rodata.sysmenu_audio_handlers)
 <LI><a href="#[aa]">SYSMENU_HANDL_AUDIO_CW_HPF_pass</a> from lto-llvm-ea22a7.o(.text.SYSMENU_HANDL_AUDIO_CW_HPF_pass) referenced from lto-llvm-ea22a7.o(.rodata.sysmenu_audio_handlers)
 <LI><a href="#[ab]">SYSMENU_HANDL_AUDIO_CW_LPF_pass</a> from lto-llvm-ea22a7.o(.text.SYSMENU_HANDL_AUDIO_CW_LPF_pass) referenced from lto-llvm-ea22a7.o(.rodata.sysmenu_audio_handlers)
 <LI><a href="#[a6]">SYSMENU_HANDL_AUDIO_DNR_AVERAGE</a> from lto-llvm-ea22a7.o(.text.SYSMENU_HANDL_AUDIO_DNR_AVERAGE) referenced from lto-llvm-ea22a7.o(.rodata.sysmenu_audio_handlers)
 <LI><a href="#[a7]">SYSMENU_HANDL_AUDIO_DNR_MINMAL</a> from lto-llvm-ea22a7.o(.text.SYSMENU_HANDL_AUDIO_DNR_MINMAL) referenced from lto-llvm-ea22a7.o(.rodata.sysmenu_audio_handlers)
 <LI><a href="#[a5]">SYSMENU_HANDL_AUDIO_DNR_THRES</a> from lto-llvm-ea22a7.o(.text.SYSMENU_HANDL_AUDIO_DNR_THRES) referenced from lto-llvm-ea22a7.o(.rodata.sysmenu_audio_handlers)
 <LI><a href="#[ae]">SYSMENU_HANDL_AUDIO_FMSquelch</a> from lto-llvm-ea22a7.o(.text.SYSMENU_HANDL_AUDIO_FMSquelch) referenced from lto-llvm-ea22a7.o(.rodata.sysmenu_audio_handlers)
 <LI><a href="#[ad]">SYSMENU_HANDL_AUDIO_FM_LPF_pass</a> from lto-llvm-ea22a7.o(.text.SYSMENU_HANDL_AUDIO_FM_LPF_pass) referenced from lto-llvm-ea22a7.o(.rodata.sysmenu_audio_handlers)
 <LI><a href="#[a2]">SYSMENU_HANDL_AUDIO_IFGain</a> from lto-llvm-ea22a7.o(.text.SYSMENU_HANDL_AUDIO_IFGain) referenced from lto-llvm-ea22a7.o(.rodata.sysmenu_audio_handlers)
 <LI><a href="#[b1]">SYSMENU_HANDL_AUDIO_MIC_EQ_HIG</a> from lto-llvm-ea22a7.o(.text.SYSMENU_HANDL_AUDIO_MIC_EQ_HIG) referenced from lto-llvm-ea22a7.o(.rodata.sysmenu_audio_handlers)
 <LI><a href="#[af]">SYSMENU_HANDL_AUDIO_MIC_EQ_LOW</a> from lto-llvm-ea22a7.o(.text.SYSMENU_HANDL_AUDIO_MIC_EQ_LOW) referenced from lto-llvm-ea22a7.o(.rodata.sysmenu_audio_handlers)
 <LI><a href="#[b0]">SYSMENU_HANDL_AUDIO_MIC_EQ_MID</a> from lto-llvm-ea22a7.o(.text.SYSMENU_HANDL_AUDIO_MIC_EQ_MID) referenced from lto-llvm-ea22a7.o(.rodata.sysmenu_audio_handlers)
 <LI><a href="#[a4]">SYSMENU_HANDL_AUDIO_MIC_Gain</a> from lto-llvm-ea22a7.o(.text.SYSMENU_HANDL_AUDIO_MIC_Gain) referenced from lto-llvm-ea22a7.o(.rodata.sysmenu_audio_handlers)
 <LI><a href="#[b6]">SYSMENU_HANDL_AUDIO_RX_AGC_CW_Speed</a> from lto-llvm-ea22a7.o(.text.SYSMENU_HANDL_AUDIO_RX_AGC_CW_Speed) referenced from lto-llvm-ea22a7.o(.rodata.sysmenu_audio_handlers)
 <LI><a href="#[b5]">SYSMENU_HANDL_AUDIO_RX_AGC_SSB_Speed</a> from lto-llvm-ea22a7.o(.text.SYSMENU_HANDL_AUDIO_RX_AGC_SSB_Speed) referenced from lto-llvm-ea22a7.o(.rodata.sysmenu_audio_handlers)
 <LI><a href="#[b4]">SYSMENU_HANDL_AUDIO_RX_EQ_HIG</a> from lto-llvm-ea22a7.o(.text.SYSMENU_HANDL_AUDIO_RX_EQ_HIG) referenced from lto-llvm-ea22a7.o(.rodata.sysmenu_audio_handlers)
 <LI><a href="#[b2]">SYSMENU_HANDL_AUDIO_RX_EQ_LOW</a> from lto-llvm-ea22a7.o(.text.SYSMENU_HANDL_AUDIO_RX_EQ_LOW) referenced from lto-llvm-ea22a7.o(.rodata.sysmenu_audio_handlers)
 <LI><a href="#[b3]">SYSMENU_HANDL_AUDIO_RX_EQ_MID</a> from lto-llvm-ea22a7.o(.text.SYSMENU_HANDL_AUDIO_RX_EQ_MID) referenced from lto-llvm-ea22a7.o(.rodata.sysmenu_audio_handlers)
 <LI><a href="#[a8]">SYSMENU_HANDL_AUDIO_SSB_HPF_pass</a> from lto-llvm-ea22a7.o(.text.SYSMENU_HANDL_AUDIO_SSB_HPF_pass) referenced from lto-llvm-ea22a7.o(.rodata.sysmenu_audio_handlers)
 <LI><a href="#[a9]">SYSMENU_HANDL_AUDIO_SSB_LPF_pass</a> from lto-llvm-ea22a7.o(.text.SYSMENU_HANDL_AUDIO_SSB_LPF_pass) referenced from lto-llvm-ea22a7.o(.rodata.sysmenu_audio_handlers)
 <LI><a href="#[b7]">SYSMENU_HANDL_AUDIO_TX_AGCSpeed</a> from lto-llvm-ea22a7.o(.text.SYSMENU_HANDL_AUDIO_TX_AGCSpeed) referenced from lto-llvm-ea22a7.o(.rodata.sysmenu_audio_handlers)
 <LI><a href="#[a1]">SYSMENU_HANDL_AUDIO_VOLUME</a> from lto-llvm-ea22a7.o(.text.SYSMENU_HANDL_AUDIO_VOLUME) referenced from lto-llvm-ea22a7.o(.rodata.sysmenu_audio_handlers)
 <LI><a href="#[d7]">SYSMENU_HANDL_Bootloader</a> from lto-llvm-ea22a7.o(.text.SYSMENU_HANDL_Bootloader) referenced from lto-llvm-ea22a7.o(.rodata.sysmenu_handlers)
 <LI><a href="#[d8]">SYSMENU_HANDL_CALIBRATIONMENU</a> from lto-llvm-ea22a7.o(.text.SYSMENU_HANDL_CALIBRATIONMENU) referenced from lto-llvm-ea22a7.o(.rodata.sysmenu_handlers)
 <LI><a href="#[c0]">SYSMENU_HANDL_CALIB_CICCOMP_SHIFT</a> from lto-llvm-ea22a7.o(.text.SYSMENU_HANDL_CALIB_CICCOMP_SHIFT) referenced from lto-llvm-ea22a7.o(.rodata.sysmenu_calibration_handlers)
 <LI><a href="#[bf]">SYSMENU_HANDL_CALIB_CIC_SHIFT</a> from lto-llvm-ea22a7.o(.text.SYSMENU_HANDL_CALIB_CIC_SHIFT) referenced from lto-llvm-ea22a7.o(.rodata.sysmenu_calibration_handlers)
 <LI><a href="#[c2]">SYSMENU_HANDL_CALIB_DAC_SHIFT</a> from lto-llvm-ea22a7.o(.text.SYSMENU_HANDL_CALIB_DAC_SHIFT) referenced from lto-llvm-ea22a7.o(.rodata.sysmenu_calibration_handlers)
 <LI><a href="#[bc]">SYSMENU_HANDL_CALIB_ENCODER2_DEBOUNCE</a> from lto-llvm-ea22a7.o(.text.SYSMENU_HANDL_CALIB_ENCODER2_DEBOUNCE) referenced from lto-llvm-ea22a7.o(.rodata.sysmenu_calibration_handlers)
 <LI><a href="#[ba]">SYSMENU_HANDL_CALIB_ENCODER2_INVERT</a> from lto-llvm-ea22a7.o(.text.SYSMENU_HANDL_CALIB_ENCODER2_INVERT) referenced from lto-llvm-ea22a7.o(.rodata.sysmenu_calibration_handlers)
 <LI><a href="#[bb]">SYSMENU_HANDL_CALIB_ENCODER_DEBOUNCE</a> from lto-llvm-ea22a7.o(.text.SYSMENU_HANDL_CALIB_ENCODER_DEBOUNCE) referenced from lto-llvm-ea22a7.o(.rodata.sysmenu_calibration_handlers)
 <LI><a href="#[b9]">SYSMENU_HANDL_CALIB_ENCODER_INVERT</a> from lto-llvm-ea22a7.o(.text.SYSMENU_HANDL_CALIB_ENCODER_INVERT) referenced from lto-llvm-ea22a7.o(.rodata.sysmenu_calibration_handlers)
 <LI><a href="#[be]">SYSMENU_HANDL_CALIB_ENCODER_ON_FALLING</a> from lto-llvm-ea22a7.o(.text.SYSMENU_HANDL_CALIB_ENCODER_ON_FALLING) referenced from lto-llvm-ea22a7.o(.rodata.sysmenu_calibration_handlers)
 <LI><a href="#[bd]">SYSMENU_HANDL_CALIB_ENCODER_SLOW_RATE</a> from lto-llvm-ea22a7.o(.text.SYSMENU_HANDL_CALIB_ENCODER_SLOW_RATE) referenced from lto-llvm-ea22a7.o(.rodata.sysmenu_calibration_handlers)
 <LI><a href="#[c5]">SYSMENU_HANDL_CALIB_RF_GAIN_HF</a> from lto-llvm-ea22a7.o(.text.SYSMENU_HANDL_CALIB_RF_GAIN_HF) referenced from lto-llvm-ea22a7.o(.rodata.sysmenu_calibration_handlers)
 <LI><a href="#[c6]">SYSMENU_HANDL_CALIB_RF_GAIN_HF_HIGH</a> from lto-llvm-ea22a7.o(.text.SYSMENU_HANDL_CALIB_RF_GAIN_HF_HIGH) referenced from lto-llvm-ea22a7.o(.rodata.sysmenu_calibration_handlers)
 <LI><a href="#[c4]">SYSMENU_HANDL_CALIB_RF_GAIN_HF_LOW</a> from lto-llvm-ea22a7.o(.text.SYSMENU_HANDL_CALIB_RF_GAIN_HF_LOW) referenced from lto-llvm-ea22a7.o(.rodata.sysmenu_calibration_handlers)
 <LI><a href="#[c3]">SYSMENU_HANDL_CALIB_RF_GAIN_LF</a> from lto-llvm-ea22a7.o(.text.SYSMENU_HANDL_CALIB_RF_GAIN_LF) referenced from lto-llvm-ea22a7.o(.rodata.sysmenu_calibration_handlers)
 <LI><a href="#[c8]">SYSMENU_HANDL_CALIB_SWR_TRANS_RATE</a> from lto-llvm-ea22a7.o(.text.SYSMENU_HANDL_CALIB_SWR_TRANS_RATE) referenced from lto-llvm-ea22a7.o(.rodata.sysmenu_calibration_handlers)
 <LI><a href="#[c7]">SYSMENU_HANDL_CALIB_S_METER</a> from lto-llvm-ea22a7.o(.text.SYSMENU_HANDL_CALIB_S_METER) referenced from lto-llvm-ea22a7.o(.rodata.sysmenu_calibration_handlers)
 <LI><a href="#[c1]">SYSMENU_HANDL_CALIB_TXCICCOMP_SHIFT</a> from lto-llvm-ea22a7.o(.text.SYSMENU_HANDL_CALIB_TXCICCOMP_SHIFT) referenced from lto-llvm-ea22a7.o(.rodata.sysmenu_calibration_handlers)
 <LI><a href="#[c9]">SYSMENU_HANDL_CALIB_VOLT</a> from lto-llvm-ea22a7.o(.text.SYSMENU_HANDL_CALIB_VOLT) referenced from lto-llvm-ea22a7.o(.rodata.sysmenu_calibration_handlers)
 <LI><a href="#[d2]">SYSMENU_HANDL_CWMENU</a> from lto-llvm-ea22a7.o(.text.SYSMENU_HANDL_CWMENU) referenced from lto-llvm-ea22a7.o(.rodata.sysmenu_handlers)
 <LI><a href="#[cb]">SYSMENU_HANDL_CW_GENERATOR_SHIFT_HZ</a> from lto-llvm-ea22a7.o(.text.SYSMENU_HANDL_CW_GENERATOR_SHIFT_HZ) referenced from lto-llvm-ea22a7.o(.rodata.sysmenu_cw_handlers)
 <LI><a href="#[cf]">SYSMENU_HANDL_CW_GaussFilter</a> from lto-llvm-ea22a7.o(.text.SYSMENU_HANDL_CW_GaussFilter) referenced from lto-llvm-ea22a7.o(.rodata.sysmenu_cw_handlers)
 <LI><a href="#[ca]">SYSMENU_HANDL_CW_Key_timeout</a> from lto-llvm-ea22a7.o(.text.SYSMENU_HANDL_CW_Key_timeout) referenced from lto-llvm-ea22a7.o(.rodata.sysmenu_cw_handlers)
 <LI><a href="#[cd]">SYSMENU_HANDL_CW_Keyer</a> from lto-llvm-ea22a7.o(.text.SYSMENU_HANDL_CW_Keyer) referenced from lto-llvm-ea22a7.o(.rodata.sysmenu_cw_handlers)
 <LI><a href="#[ce]">SYSMENU_HANDL_CW_Keyer_WPM</a> from lto-llvm-ea22a7.o(.text.SYSMENU_HANDL_CW_Keyer_WPM) referenced from lto-llvm-ea22a7.o(.rodata.sysmenu_cw_handlers)
 <LI><a href="#[cc]">SYSMENU_HANDL_CW_SelfHear</a> from lto-llvm-ea22a7.o(.text.SYSMENU_HANDL_CW_SelfHear) referenced from lto-llvm-ea22a7.o(.rodata.sysmenu_cw_handlers)
 <LI><a href="#[d3]">SYSMENU_HANDL_LCDMENU</a> from lto-llvm-ea22a7.o(.text.SYSMENU_HANDL_LCDMENU) referenced from lto-llvm-ea22a7.o(.rodata.sysmenu_handlers)
 <LI><a href="#[da]">SYSMENU_HANDL_SCREEN_COLOR_THEME</a> from lto-llvm-ea22a7.o(.text.SYSMENU_HANDL_SCREEN_COLOR_THEME) referenced from lto-llvm-ea22a7.o(.rodata.sysmenu_screen_handlers)
 <LI><a href="#[e0]">SYSMENU_HANDL_SCREEN_FFT_Averaging</a> from lto-llvm-ea22a7.o(.text.SYSMENU_HANDL_SCREEN_FFT_Averaging) referenced from lto-llvm-ea22a7.o(.rodata.sysmenu_screen_handlers)
 <LI><a href="#[dd]">SYSMENU_HANDL_SCREEN_FFT_Background</a> from lto-llvm-ea22a7.o(.text.SYSMENU_HANDL_SCREEN_FFT_Background) referenced from lto-llvm-ea22a7.o(.rodata.sysmenu_screen_handlers)
 <LI><a href="#[db]">SYSMENU_HANDL_SCREEN_FFT_Color</a> from lto-llvm-ea22a7.o(.text.SYSMENU_HANDL_SCREEN_FFT_Color) referenced from lto-llvm-ea22a7.o(.rodata.sysmenu_screen_handlers)
 <LI><a href="#[df]">SYSMENU_HANDL_SCREEN_FFT_Compressor</a> from lto-llvm-ea22a7.o(.text.SYSMENU_HANDL_SCREEN_FFT_Compressor) referenced from lto-llvm-ea22a7.o(.rodata.sysmenu_screen_handlers)
 <LI><a href="#[de]">SYSMENU_HANDL_SCREEN_FFT_Enabled</a> from lto-llvm-ea22a7.o(.text.SYSMENU_HANDL_SCREEN_FFT_Enabled) referenced from lto-llvm-ea22a7.o(.rodata.sysmenu_screen_handlers)
 <LI><a href="#[dc]">SYSMENU_HANDL_SCREEN_FFT_Grid</a> from lto-llvm-ea22a7.o(.text.SYSMENU_HANDL_SCREEN_FFT_Grid) referenced from lto-llvm-ea22a7.o(.rodata.sysmenu_screen_handlers)
 <LI><a href="#[e1]">SYSMENU_HANDL_SCREEN_FFT_Window</a> from lto-llvm-ea22a7.o(.text.SYSMENU_HANDL_SCREEN_FFT_Window) referenced from lto-llvm-ea22a7.o(.rodata.sysmenu_screen_handlers)
 <LI><a href="#[d9]">SYSMENU_HANDL_SCREEN_FFT_Zoom</a> from lto-llvm-ea22a7.o(.text.SYSMENU_HANDL_SCREEN_FFT_Zoom) referenced from lto-llvm-ea22a7.o(.rodata.sysmenu_screen_handlers)
 <LI><a href="#[d5]">SYSMENU_HANDL_SERVICESMENU</a> from lto-llvm-ea22a7.o(.text.SYSMENU_HANDL_SERVICESMENU) referenced from lto-llvm-ea22a7.o(.rodata.sysmenu_handlers)
 <LI><a href="#[d6]">SYSMENU_HANDL_SETTIME</a> from lto-llvm-ea22a7.o(.text.SYSMENU_HANDL_SETTIME) referenced from lto-llvm-ea22a7.o(.rodata.sysmenu_handlers)
 <LI><a href="#[e2]">SYSMENU_HANDL_SWR_BAND_START</a> from lto-llvm-ea22a7.o(.text.SYSMENU_HANDL_SWR_BAND_START) referenced from lto-llvm-ea22a7.o(.rodata.sysmenu_services_handlers)
 <LI><a href="#[e3]">SYSMENU_HANDL_SWR_HF_START</a> from lto-llvm-ea22a7.o(.text.SYSMENU_HANDL_SWR_HF_START) referenced from lto-llvm-ea22a7.o(.rodata.sysmenu_services_handlers)
 <LI><a href="#[d0]">SYSMENU_HANDL_TRXMENU</a> from lto-llvm-ea22a7.o(.text.SYSMENU_HANDL_TRXMENU) referenced from lto-llvm-ea22a7.o(.rodata.sysmenu_handlers)
 <LI><a href="#[ec]">SYSMENU_HANDL_TRX_ATT_STEP</a> from lto-llvm-ea22a7.o(.text.SYSMENU_HANDL_TRX_ATT_STEP) referenced from lto-llvm-ea22a7.o(.rodata.sysmenu_trx_handlers)
 <LI><a href="#[e6]">SYSMENU_HANDL_TRX_AutoGain</a> from lto-llvm-ea22a7.o(.text.SYSMENU_HANDL_TRX_AutoGain) referenced from lto-llvm-ea22a7.o(.rodata.sysmenu_trx_handlers)
 <LI><a href="#[e5]">SYSMENU_HANDL_TRX_BandMap</a> from lto-llvm-ea22a7.o(.text.SYSMENU_HANDL_TRX_BandMap) referenced from lto-llvm-ea22a7.o(.rodata.sysmenu_trx_handlers)
 <LI><a href="#[ed]">SYSMENU_HANDL_TRX_DEBUG_CONSOLE</a> from lto-llvm-ea22a7.o(.text.SYSMENU_HANDL_TRX_DEBUG_CONSOLE) referenced from lto-llvm-ea22a7.o(.rodata.sysmenu_trx_handlers)
 <LI><a href="#[eb]">SYSMENU_HANDL_TRX_ENC_ACCELERATE</a> from lto-llvm-ea22a7.o(.text.SYSMENU_HANDL_TRX_ENC_ACCELERATE) referenced from lto-llvm-ea22a7.o(.rodata.sysmenu_trx_handlers)
 <LI><a href="#[ea]">SYSMENU_HANDL_TRX_FRQ_FAST_STEP</a> from lto-llvm-ea22a7.o(.text.SYSMENU_HANDL_TRX_FRQ_FAST_STEP) referenced from lto-llvm-ea22a7.o(.rodata.sysmenu_trx_handlers)
 <LI><a href="#[e9]">SYSMENU_HANDL_TRX_FRQ_STEP</a> from lto-llvm-ea22a7.o(.text.SYSMENU_HANDL_TRX_FRQ_STEP) referenced from lto-llvm-ea22a7.o(.rodata.sysmenu_trx_handlers)
 <LI><a href="#[ef]">SYSMENU_HANDL_TRX_LINEIN</a> from lto-llvm-ea22a7.o(.text.SYSMENU_HANDL_TRX_LINEIN) referenced from lto-llvm-ea22a7.o(.rodata.sysmenu_trx_handlers)
 <LI><a href="#[ee]">SYSMENU_HANDL_TRX_MICIN</a> from lto-llvm-ea22a7.o(.text.SYSMENU_HANDL_TRX_MICIN) referenced from lto-llvm-ea22a7.o(.rodata.sysmenu_trx_handlers)
 <LI><a href="#[e4]">SYSMENU_HANDL_TRX_RFPower</a> from lto-llvm-ea22a7.o(.text.SYSMENU_HANDL_TRX_RFPower) referenced from lto-llvm-ea22a7.o(.rodata.sysmenu_trx_handlers)
 <LI><a href="#[e8]">SYSMENU_HANDL_TRX_SHIFT_INTERVAL</a> from lto-llvm-ea22a7.o(.text.SYSMENU_HANDL_TRX_SHIFT_INTERVAL) referenced from lto-llvm-ea22a7.o(.rodata.sysmenu_trx_handlers)
 <LI><a href="#[f1]">SYSMENU_HANDL_TRX_SetCallsign</a> from lto-llvm-ea22a7.o(.text.SYSMENU_HANDL_TRX_SetCallsign) referenced from lto-llvm-ea22a7.o(.rodata.sysmenu_trx_handlers)
 <LI><a href="#[f2]">SYSMENU_HANDL_TRX_TRANSV_ENABLE</a> from lto-llvm-ea22a7.o(.text.SYSMENU_HANDL_TRX_TRANSV_ENABLE) referenced from lto-llvm-ea22a7.o(.rodata.sysmenu_trx_handlers)
 <LI><a href="#[f3]">SYSMENU_HANDL_TRX_TRANSV_OFFSET</a> from lto-llvm-ea22a7.o(.text.SYSMENU_HANDL_TRX_TRANSV_OFFSET) referenced from lto-llvm-ea22a7.o(.rodata.sysmenu_trx_handlers)
 <LI><a href="#[e7]">SYSMENU_HANDL_TRX_TWO_SIGNAL_TUNE</a> from lto-llvm-ea22a7.o(.text.SYSMENU_HANDL_TRX_TWO_SIGNAL_TUNE) referenced from lto-llvm-ea22a7.o(.rodata.sysmenu_trx_handlers)
 <LI><a href="#[f0]">SYSMENU_HANDL_TRX_USBIN</a> from lto-llvm-ea22a7.o(.text.SYSMENU_HANDL_TRX_USBIN) referenced from lto-llvm-ea22a7.o(.rodata.sysmenu_trx_handlers)
 <LI><a href="#[40]">SysTick_Handler</a> from lto-llvm-ea22a7.o(.text.SysTick_Handler) referenced from startup_stm32f407xx.o(RESET)
 <LI><a href="#[92]">SystemInit</a> from lto-llvm-ea22a7.o(.text.SystemInit) referenced from startup_stm32f407xx.o(.text)
 <LI><a href="#[43]">TAMP_STAMP_IRQHandler</a> from startup_stm32f407xx.o(.text) referenced from startup_stm32f407xx.o(RESET)
 <LI><a href="#[59]">TIM1_BRK_TIM9_IRQHandler</a> from startup_stm32f407xx.o(.text) referenced from startup_stm32f407xx.o(RESET)
 <LI><a href="#[5c]">TIM1_CC_IRQHandler</a> from startup_stm32f407xx.o(.text) referenced from startup_stm32f407xx.o(RESET)
 <LI><a href="#[5b]">TIM1_TRG_COM_TIM11_IRQHandler</a> from startup_stm32f407xx.o(.text) referenced from startup_stm32f407xx.o(RESET)
 <LI><a href="#[5a]">TIM1_UP_TIM10_IRQHandler</a> from startup_stm32f407xx.o(.text) referenced from startup_stm32f407xx.o(RESET)
 <LI><a href="#[5d]">TIM2_IRQHandler</a> from startup_stm32f407xx.o(.text) referenced from startup_stm32f407xx.o(RESET)
 <LI><a href="#[5e]">TIM3_IRQHandler</a> from lto-llvm-ea22a7.o(.text.TIM3_IRQHandler) referenced from startup_stm32f407xx.o(RESET)
 <LI><a href="#[5f]">TIM4_IRQHandler</a> from lto-llvm-ea22a7.o(.text.TIM4_IRQHandler) referenced from startup_stm32f407xx.o(RESET)
 <LI><a href="#[73]">TIM5_IRQHandler</a> from lto-llvm-ea22a7.o(.text.TIM5_IRQHandler) referenced from startup_stm32f407xx.o(RESET)
 <LI><a href="#[77]">TIM6_DAC_IRQHandler</a> from lto-llvm-ea22a7.o(.text.TIM6_DAC_IRQHandler) referenced from startup_stm32f407xx.o(RESET)
 <LI><a href="#[78]">TIM7_IRQHandler</a> from lto-llvm-ea22a7.o(.text.TIM7_IRQHandler) referenced from startup_stm32f407xx.o(RESET)
 <LI><a href="#[6c]">TIM8_BRK_TIM12_IRQHandler</a> from startup_stm32f407xx.o(.text) referenced from startup_stm32f407xx.o(RESET)
 <LI><a href="#[6f]">TIM8_CC_IRQHandler</a> from startup_stm32f407xx.o(.text) referenced from startup_stm32f407xx.o(RESET)
 <LI><a href="#[6e]">TIM8_TRG_COM_TIM14_IRQHandler</a> from startup_stm32f407xx.o(.text) referenced from startup_stm32f407xx.o(RESET)
 <LI><a href="#[6d]">TIM8_UP_TIM13_IRQHandler</a> from lto-llvm-ea22a7.o(.text.TIM8_UP_TIM13_IRQHandler) referenced from startup_stm32f407xx.o(RESET)
 <LI><a href="#[9c]">UA3REO_I2SEx_DMAErr</a> from lto-llvm-ea22a7.o(.text.UA3REO_I2SEx_DMAErr) referenced 2 times from lto-llvm-ea22a7.o(.text.WM8731_start_i2s_and_dma)
 <LI><a href="#[9b]">UA3REO_I2SEx_TxRxDMACplt</a> from lto-llvm-ea22a7.o(.text.UA3REO_I2SEx_TxRxDMACplt) referenced 2 times from lto-llvm-ea22a7.o(.text.WM8731_start_i2s_and_dma)
 <LI><a href="#[9a]">UA3REO_I2SEx_TxRxDMAHalfCplt</a> from lto-llvm-ea22a7.o(.text.UA3REO_I2SEx_TxRxDMAHalfCplt) referenced 2 times from lto-llvm-ea22a7.o(.text.WM8731_start_i2s_and_dma)
 <LI><a href="#[75]">UART4_IRQHandler</a> from startup_stm32f407xx.o(.text) referenced from startup_stm32f407xx.o(RESET)
 <LI><a href="#[76]">UART5_IRQHandler</a> from startup_stm32f407xx.o(.text) referenced from startup_stm32f407xx.o(RESET)
 <LI><a href="#[66]">USART1_IRQHandler</a> from startup_stm32f407xx.o(.text) referenced from startup_stm32f407xx.o(RESET)
 <LI><a href="#[67]">USART2_IRQHandler</a> from startup_stm32f407xx.o(.text) referenced from startup_stm32f407xx.o(RESET)
 <LI><a href="#[68]">USART3_IRQHandler</a> from startup_stm32f407xx.o(.text) referenced from startup_stm32f407xx.o(RESET)
 <LI><a href="#[88]">USART6_IRQHandler</a> from startup_stm32f407xx.o(.text) referenced from startup_stm32f407xx.o(RESET)
 <LI><a href="#[5]">USBD_FS_ConfigStrDescriptor</a> from lto-llvm-ea22a7.o(.text.USBD_FS_ConfigStrDescriptor) referenced 2 times from lto-llvm-ea22a7.o(.data.FS_Desc)
 <LI><a href="#[0]">USBD_FS_DeviceDescriptor</a> from lto-llvm-ea22a7.o(.text.USBD_FS_DeviceDescriptor) referenced 2 times from lto-llvm-ea22a7.o(.data.FS_Desc)
 <LI><a href="#[6]">USBD_FS_Interface1StrDescriptor</a> from lto-llvm-ea22a7.o(.text.USBD_FS_Interface1StrDescriptor) referenced 2 times from lto-llvm-ea22a7.o(.data.FS_Desc)
 <LI><a href="#[7]">USBD_FS_Interface2StrDescriptor</a> from lto-llvm-ea22a7.o(.text.USBD_FS_Interface2StrDescriptor) referenced 2 times from lto-llvm-ea22a7.o(.data.FS_Desc)
 <LI><a href="#[8]">USBD_FS_Interface3StrDescriptor</a> from lto-llvm-ea22a7.o(.text.USBD_FS_Interface3StrDescriptor) referenced 2 times from lto-llvm-ea22a7.o(.data.FS_Desc)
 <LI><a href="#[1]">USBD_FS_LangIDStrDescriptor</a> from lto-llvm-ea22a7.o(.text.USBD_FS_LangIDStrDescriptor) referenced 2 times from lto-llvm-ea22a7.o(.data.FS_Desc)
 <LI><a href="#[2]">USBD_FS_ManufacturerStrDescriptor</a> from lto-llvm-ea22a7.o(.text.USBD_FS_ManufacturerStrDescriptor) referenced 2 times from lto-llvm-ea22a7.o(.data.FS_Desc)
 <LI><a href="#[3]">USBD_FS_ProductStrDescriptor</a> from lto-llvm-ea22a7.o(.text.USBD_FS_ProductStrDescriptor) referenced 2 times from lto-llvm-ea22a7.o(.data.FS_Desc)
 <LI><a href="#[4]">USBD_FS_SerialStrDescriptor</a> from lto-llvm-ea22a7.o(.text.USBD_FS_SerialStrDescriptor) referenced 2 times from lto-llvm-ea22a7.o(.data.FS_Desc)
 <LI><a href="#[2a]">USBD_UA3REO_DataIn</a> from lto-llvm-ea22a7.o(.text.USBD_UA3REO_DataIn) referenced 2 times from lto-llvm-ea22a7.o(.data.USBD_UA3REO)
 <LI><a href="#[2b]">USBD_UA3REO_DataOut</a> from lto-llvm-ea22a7.o(.text.USBD_UA3REO_DataOut) referenced 2 times from lto-llvm-ea22a7.o(.data.USBD_UA3REO)
 <LI><a href="#[26]">USBD_UA3REO_DeInit</a> from lto-llvm-ea22a7.o(.text.USBD_UA3REO_DeInit) referenced 2 times from lto-llvm-ea22a7.o(.data.USBD_UA3REO)
 <LI><a href="#[29]">USBD_UA3REO_EP0_RxReady</a> from lto-llvm-ea22a7.o(.text.USBD_UA3REO_EP0_RxReady) referenced 2 times from lto-llvm-ea22a7.o(.data.USBD_UA3REO)
 <LI><a href="#[28]">USBD_UA3REO_EP0_TxReady</a> from lto-llvm-ea22a7.o(.text.USBD_UA3REO_EP0_TxReady) referenced 2 times from lto-llvm-ea22a7.o(.data.USBD_UA3REO)
 <LI><a href="#[30]">USBD_UA3REO_GetDeviceQualifierDescriptor</a> from lto-llvm-ea22a7.o(.text.USBD_UA3REO_GetDeviceQualifierDescriptor) referenced 2 times from lto-llvm-ea22a7.o(.data.USBD_UA3REO)
 <LI><a href="#[2f]">USBD_UA3REO_GetFSCfgDesc</a> from lto-llvm-ea22a7.o(.text.USBD_UA3REO_GetFSCfgDesc) referenced 2 times from lto-llvm-ea22a7.o(.data.USBD_UA3REO)
 <LI><a href="#[25]">USBD_UA3REO_Init</a> from lto-llvm-ea22a7.o(.text.USBD_UA3REO_Init) referenced 2 times from lto-llvm-ea22a7.o(.data.USBD_UA3REO)
 <LI><a href="#[2d]">USBD_UA3REO_IsoINIncomplete</a> from lto-llvm-ea22a7.o(.text.USBD_UA3REO_IsoINIncomplete) referenced 2 times from lto-llvm-ea22a7.o(.data.USBD_UA3REO)
 <LI><a href="#[2e]">USBD_UA3REO_IsoOutIncomplete</a> from lto-llvm-ea22a7.o(.text.USBD_UA3REO_IsoOutIncomplete) referenced 2 times from lto-llvm-ea22a7.o(.data.USBD_UA3REO)
 <LI><a href="#[2c]">USBD_UA3REO_SOF</a> from lto-llvm-ea22a7.o(.text.USBD_UA3REO_SOF) referenced 2 times from lto-llvm-ea22a7.o(.data.USBD_UA3REO)
 <LI><a href="#[27]">USBD_UA3REO_Setup</a> from lto-llvm-ea22a7.o(.text.USBD_UA3REO_Setup) referenced 2 times from lto-llvm-ea22a7.o(.data.USBD_UA3REO)
 <LI><a href="#[3c]">UsageFault_Handler</a> from lto-llvm-ea22a7.o(.text.UsageFault_Handler) referenced from startup_stm32f407xx.o(RESET)
 <LI><a href="#[41]">WWDG_IRQHandler</a> from startup_stm32f407xx.o(.text) referenced from startup_stm32f407xx.o(RESET)
 <LI><a href="#[93]">__main</a> from __main.o(!!!main) referenced from startup_stm32f407xx.o(.text)
 <LI><a href="#[96]">_get_lc_ctype</a> from lc_ctype_c.o(locale$$code) referenced from rt_ctype_table.o(.text)
 <LI><a href="#[95]">_printf_input_char</a> from _printf_char_common.o(.text) referenced from _printf_char_common.o(.text)
 <LI><a href="#[94]">_sputc</a> from _sputc.o(.text) referenced from noretval__2sprintf.o(.text)
</UL>
<P>
<H3>
Global Symbols
</H3>
<P><STRONG><a name="[93]"></a>__main</STRONG> (Thumb, 8 bytes, Stack size 0 bytes, __main.o(!!!main))
<BR><BR>[Calls]<UL><LI><a href="#[f5]">&gt;&gt;</a>&nbsp;&nbsp;&nbsp;__rt_entry
<LI><a href="#[f4]">&gt;&gt;</a>&nbsp;&nbsp;&nbsp;__scatterload
</UL>
<BR>[Address Reference Count : 1]<UL><LI> startup_stm32f407xx.o(.text)
</UL>
<P><STRONG><a name="[f4]"></a>__scatterload</STRONG> (Thumb, 0 bytes, Stack size unknown bytes, __scatter.o(!!!scatter))
<BR><BR>[Called By]<UL><LI><a href="#[93]">&gt;&gt;</a>&nbsp;&nbsp;&nbsp;__main
</UL>

<P><STRONG><a name="[f6]"></a>__scatterload_rt2</STRONG> (Thumb, 44 bytes, Stack size unknown bytes, __scatter.o(!!!scatter), UNUSED)
<BR><BR>[Calls]<UL><LI><a href="#[f5]">&gt;&gt;</a>&nbsp;&nbsp;&nbsp;__rt_entry
</UL>

<P><STRONG><a name="[226]"></a>__scatterload_rt2_thumb_only</STRONG> (Thumb, 0 bytes, Stack size unknown bytes, __scatter.o(!!!scatter), UNUSED)

<P><STRONG><a name="[227]"></a>__scatterload_null</STRONG> (Thumb, 0 bytes, Stack size unknown bytes, __scatter.o(!!!scatter), UNUSED)

<P><STRONG><a name="[228]"></a>__decompress</STRONG> (Thumb, 90 bytes, Stack size unknown bytes, __dczerorl2.o(!!dczerorl2), UNUSED)

<P><STRONG><a name="[229]"></a>__decompress1</STRONG> (Thumb, 0 bytes, Stack size unknown bytes, __dczerorl2.o(!!dczerorl2), UNUSED)

<P><STRONG><a name="[22a]"></a>__scatterload_zeroinit</STRONG> (Thumb, 28 bytes, Stack size unknown bytes, __scatter_zi.o(!!handler_zi), UNUSED)

<P><STRONG><a name="[f7]"></a>_printf_f</STRONG> (Thumb, 0 bytes, Stack size unknown bytes, _printf_f.o(.ARM.Collect$$_printf_percent$$00000003))
<BR><BR>[Stack]<UL><LI>Max Depth = 324 + Unknown Stack Size
<LI>Call Chain = _printf_f &rArr; _printf_fp_dec &rArr; _printf_fp_dec_real &rArr; _fp_digits &rArr; _btod_etento &rArr; _btod_emul &rArr; _e2e
</UL>
<BR>[Calls]<UL><LI><a href="#[f8]">&gt;&gt;</a>&nbsp;&nbsp;&nbsp;_printf_fp_dec
</UL>

<P><STRONG><a name="[12d]"></a>_printf_percent</STRONG> (Thumb, 0 bytes, Stack size unknown bytes, _printf_percent.o(.ARM.Collect$$_printf_percent$$00000000))
<BR><BR>[Called By]<UL><LI><a href="#[12b]">&gt;&gt;</a>&nbsp;&nbsp;&nbsp;__printf
</UL>

<P><STRONG><a name="[f9]"></a>_printf_e</STRONG> (Thumb, 0 bytes, Stack size unknown bytes, _printf_e.o(.ARM.Collect$$_printf_percent$$00000004))
<BR><BR>[Stack]<UL><LI>Max Depth = 324 + Unknown Stack Size
<LI>Call Chain = _printf_e &rArr; _printf_fp_dec &rArr; _printf_fp_dec_real &rArr; _fp_digits &rArr; _btod_etento &rArr; _btod_emul &rArr; _e2e
</UL>
<BR>[Calls]<UL><LI><a href="#[f8]">&gt;&gt;</a>&nbsp;&nbsp;&nbsp;_printf_fp_dec
</UL>

<P><STRONG><a name="[fa]"></a>_printf_g</STRONG> (Thumb, 0 bytes, Stack size unknown bytes, _printf_g.o(.ARM.Collect$$_printf_percent$$00000005))
<BR><BR>[Stack]<UL><LI>Max Depth = 324 + Unknown Stack Size
<LI>Call Chain = _printf_g &rArr; _printf_fp_dec &rArr; _printf_fp_dec_real &rArr; _fp_digits &rArr; _btod_etento &rArr; _btod_emul &rArr; _e2e
</UL>
<BR>[Calls]<UL><LI><a href="#[f8]">&gt;&gt;</a>&nbsp;&nbsp;&nbsp;_printf_fp_dec
</UL>

<P><STRONG><a name="[fb]"></a>_printf_a</STRONG> (Thumb, 0 bytes, Stack size unknown bytes, _printf_a.o(.ARM.Collect$$_printf_percent$$00000006))
<BR><BR>[Stack]<UL><LI>Max Depth = 112 + Unknown Stack Size
<LI>Call Chain = _printf_a &rArr; _printf_fp_hex &rArr; _printf_fp_hex_real &rArr; _printf_fp_infnan &rArr; _printf_post_padding
</UL>
<BR>[Calls]<UL><LI><a href="#[fc]">&gt;&gt;</a>&nbsp;&nbsp;&nbsp;_printf_fp_hex
</UL>

<P><STRONG><a name="[fd]"></a>_printf_i</STRONG> (Thumb, 0 bytes, Stack size unknown bytes, _printf_i.o(.ARM.Collect$$_printf_percent$$00000008))
<BR><BR>[Stack]<UL><LI>Max Depth = 72 + Unknown Stack Size
<LI>Call Chain = _printf_i &rArr; _printf_int_dec &rArr; _printf_int_common &rArr; _printf_post_padding
</UL>
<BR>[Calls]<UL><LI><a href="#[fe]">&gt;&gt;</a>&nbsp;&nbsp;&nbsp;_printf_int_dec
</UL>

<P><STRONG><a name="[ff]"></a>_printf_d</STRONG> (Thumb, 0 bytes, Stack size unknown bytes, _printf_d.o(.ARM.Collect$$_printf_percent$$00000009))
<BR><BR>[Stack]<UL><LI>Max Depth = 72 + Unknown Stack Size
<LI>Call Chain = _printf_d &rArr; _printf_int_dec &rArr; _printf_int_common &rArr; _printf_post_padding
</UL>
<BR>[Calls]<UL><LI><a href="#[fe]">&gt;&gt;</a>&nbsp;&nbsp;&nbsp;_printf_int_dec
</UL>

<P><STRONG><a name="[100]"></a>_printf_u</STRONG> (Thumb, 0 bytes, Stack size unknown bytes, _printf_u.o(.ARM.Collect$$_printf_percent$$0000000A))
<BR><BR>[Stack]<UL><LI>Max Depth = 72 + Unknown Stack Size
<LI>Call Chain = _printf_u &rArr; _printf_int_dec &rArr; _printf_int_common &rArr; _printf_post_padding
</UL>
<BR>[Calls]<UL><LI><a href="#[fe]">&gt;&gt;</a>&nbsp;&nbsp;&nbsp;_printf_int_dec
</UL>

<P><STRONG><a name="[101]"></a>_printf_o</STRONG> (Thumb, 0 bytes, Stack size unknown bytes, _printf_o.o(.ARM.Collect$$_printf_percent$$0000000B))
<BR><BR>[Stack]<UL><LI>Max Depth = 64 + Unknown Stack Size
<LI>Call Chain = _printf_o &rArr; _printf_int_oct &rArr; _printf_int_common &rArr; _printf_post_padding
</UL>
<BR>[Calls]<UL><LI><a href="#[102]">&gt;&gt;</a>&nbsp;&nbsp;&nbsp;_printf_int_oct
</UL>

<P><STRONG><a name="[103]"></a>_printf_x</STRONG> (Thumb, 0 bytes, Stack size unknown bytes, _printf_x.o(.ARM.Collect$$_printf_percent$$0000000C))
<BR><BR>[Stack]<UL><LI>Max Depth = 64 + Unknown Stack Size
<LI>Call Chain = _printf_x &rArr; _printf_int_hex &rArr; _printf_int_common &rArr; _printf_post_padding
</UL>
<BR>[Calls]<UL><LI><a href="#[104]">&gt;&gt;</a>&nbsp;&nbsp;&nbsp;_printf_int_hex
</UL>

<P><STRONG><a name="[22b]"></a>_printf_l</STRONG> (Thumb, 0 bytes, Stack size unknown bytes, _printf_l.o(.ARM.Collect$$_printf_percent$$00000012))

<P><STRONG><a name="[105]"></a>_printf_c</STRONG> (Thumb, 0 bytes, Stack size unknown bytes, _printf_c.o(.ARM.Collect$$_printf_percent$$00000013))
<BR><BR>[Stack]<UL><LI>Max Depth = 40 + Unknown Stack Size
<LI>Call Chain = _printf_c &rArr; _printf_char &rArr; _printf_cs_common &rArr; _printf_str &rArr; _printf_post_padding
</UL>
<BR>[Calls]<UL><LI><a href="#[106]">&gt;&gt;</a>&nbsp;&nbsp;&nbsp;_printf_char
</UL>

<P><STRONG><a name="[107]"></a>_printf_lc</STRONG> (Thumb, 0 bytes, Stack size unknown bytes, _printf_lc.o(.ARM.Collect$$_printf_percent$$00000015))
<BR><BR>[Stack]<UL><LI>Max Depth = 88 + Unknown Stack Size
<LI>Call Chain = _printf_lc &rArr; _printf_wchar &rArr; _printf_lcs_common &rArr; _printf_wctomb &rArr; _wcrtomb
</UL>
<BR>[Calls]<UL><LI><a href="#[108]">&gt;&gt;</a>&nbsp;&nbsp;&nbsp;_printf_wchar
</UL>

<P><STRONG><a name="[22c]"></a>_printf_percent_end</STRONG> (Thumb, 0 bytes, Stack size unknown bytes, _printf_percent_end.o(.ARM.Collect$$_printf_percent$$00000017))

<P><STRONG><a name="[115]"></a>__rt_lib_init</STRONG> (Thumb, 0 bytes, Stack size unknown bytes, libinit.o(.ARM.Collect$$libinit$$00000000))
<BR><BR>[Called By]<UL><LI><a href="#[114]">&gt;&gt;</a>&nbsp;&nbsp;&nbsp;__rt_entry_li
</UL>

<P><STRONG><a name="[109]"></a>__rt_lib_init_fp_1</STRONG> (Thumb, 0 bytes, Stack size unknown bytes, libinit2.o(.ARM.Collect$$libinit$$00000001))
<BR><BR>[Calls]<UL><LI><a href="#[10a]">&gt;&gt;</a>&nbsp;&nbsp;&nbsp;_fp_init
</UL>

<P><STRONG><a name="[10b]"></a>__rt_lib_init_heap_2</STRONG> (Thumb, 0 bytes, Stack size unknown bytes, libinit2.o(.ARM.Collect$$libinit$$00000005))
<BR><BR>[Stack]<UL><LI>Max Depth = 64 + Unknown Stack Size
<LI>Call Chain = __rt_lib_init_heap_2 &rArr; _init_alloc &rArr; __rt_SIGRTMEM &rArr; __rt_SIGRTMEM_inner &rArr; __default_signal_display &rArr; _ttywrch
</UL>
<BR>[Calls]<UL><LI><a href="#[10c]">&gt;&gt;</a>&nbsp;&nbsp;&nbsp;_init_alloc
</UL>

<P><STRONG><a name="[22d]"></a>__rt_lib_init_preinit_1</STRONG> (Thumb, 0 bytes, Stack size unknown bytes, libinit2.o(.ARM.Collect$$libinit$$00000004))

<P><STRONG><a name="[22e]"></a>__rt_lib_init_heap_1</STRONG> (Thumb, 0 bytes, Stack size unknown bytes, libinit2.o(.ARM.Collect$$libinit$$0000000A))

<P><STRONG><a name="[10d]"></a>__rt_lib_init_lc_common</STRONG> (Thumb, 0 bytes, Stack size unknown bytes, libinit2.o(.ARM.Collect$$libinit$$0000000F))
<BR><BR>[Calls]<UL><LI><a href="#[10e]">&gt;&gt;</a>&nbsp;&nbsp;&nbsp;__rt_locale
</UL>

<P><STRONG><a name="[22f]"></a>__rt_lib_init_rand_1</STRONG> (Thumb, 0 bytes, Stack size unknown bytes, libinit2.o(.ARM.Collect$$libinit$$0000000E))

<P><STRONG><a name="[230]"></a>__rt_lib_init_user_alloc_1</STRONG> (Thumb, 0 bytes, Stack size unknown bytes, libinit2.o(.ARM.Collect$$libinit$$0000000C))

<P><STRONG><a name="[231]"></a>__rt_lib_init_lc_collate_1</STRONG> (Thumb, 0 bytes, Stack size unknown bytes, libinit2.o(.ARM.Collect$$libinit$$00000011))

<P><STRONG><a name="[10f]"></a>__rt_lib_init_lc_ctype_2</STRONG> (Thumb, 0 bytes, Stack size unknown bytes, libinit2.o(.ARM.Collect$$libinit$$00000012))
<BR><BR>[Stack]<UL><LI>Max Depth = 16 + Unknown Stack Size
<LI>Call Chain = __rt_lib_init_lc_ctype_2 &rArr; _get_lc_ctype &rArr; strcmp
</UL>
<BR>[Calls]<UL><LI><a href="#[96]">&gt;&gt;</a>&nbsp;&nbsp;&nbsp;_get_lc_ctype
</UL>

<P><STRONG><a name="[232]"></a>__rt_lib_init_lc_ctype_1</STRONG> (Thumb, 0 bytes, Stack size unknown bytes, libinit2.o(.ARM.Collect$$libinit$$00000013))

<P><STRONG><a name="[233]"></a>__rt_lib_init_lc_monetary_1</STRONG> (Thumb, 0 bytes, Stack size unknown bytes, libinit2.o(.ARM.Collect$$libinit$$00000015))

<P><STRONG><a name="[110]"></a>__rt_lib_init_lc_numeric_2</STRONG> (Thumb, 0 bytes, Stack size unknown bytes, libinit2.o(.ARM.Collect$$libinit$$00000016))
<BR><BR>[Stack]<UL><LI>Max Depth = 16 + Unknown Stack Size
<LI>Call Chain = __rt_lib_init_lc_numeric_2 &rArr; _get_lc_numeric &rArr; strcmp
</UL>
<BR>[Calls]<UL><LI><a href="#[111]">&gt;&gt;</a>&nbsp;&nbsp;&nbsp;_get_lc_numeric
</UL>

<P><STRONG><a name="[234]"></a>__rt_lib_init_alloca_1</STRONG> (Thumb, 0 bytes, Stack size unknown bytes, libinit2.o(.ARM.Collect$$libinit$$0000002E))

<P><STRONG><a name="[235]"></a>__rt_lib_init_argv_1</STRONG> (Thumb, 0 bytes, Stack size unknown bytes, libinit2.o(.ARM.Collect$$libinit$$0000002C))

<P><STRONG><a name="[236]"></a>__rt_lib_init_atexit_1</STRONG> (Thumb, 0 bytes, Stack size unknown bytes, libinit2.o(.ARM.Collect$$libinit$$0000001B))

<P><STRONG><a name="[237]"></a>__rt_lib_init_clock_1</STRONG> (Thumb, 0 bytes, Stack size unknown bytes, libinit2.o(.ARM.Collect$$libinit$$00000021))

<P><STRONG><a name="[238]"></a>__rt_lib_init_cpp_1</STRONG> (Thumb, 0 bytes, Stack size unknown bytes, libinit2.o(.ARM.Collect$$libinit$$00000032))

<P><STRONG><a name="[239]"></a>__rt_lib_init_exceptions_1</STRONG> (Thumb, 0 bytes, Stack size unknown bytes, libinit2.o(.ARM.Collect$$libinit$$00000030))

<P><STRONG><a name="[23a]"></a>__rt_lib_init_fp_trap_1</STRONG> (Thumb, 0 bytes, Stack size unknown bytes, libinit2.o(.ARM.Collect$$libinit$$0000001F))

<P><STRONG><a name="[23b]"></a>__rt_lib_init_getenv_1</STRONG> (Thumb, 0 bytes, Stack size unknown bytes, libinit2.o(.ARM.Collect$$libinit$$00000023))

<P><STRONG><a name="[23c]"></a>__rt_lib_init_lc_numeric_1</STRONG> (Thumb, 0 bytes, Stack size unknown bytes, libinit2.o(.ARM.Collect$$libinit$$00000017))

<P><STRONG><a name="[23d]"></a>__rt_lib_init_lc_time_1</STRONG> (Thumb, 0 bytes, Stack size unknown bytes, libinit2.o(.ARM.Collect$$libinit$$00000019))

<P><STRONG><a name="[23e]"></a>__rt_lib_init_return</STRONG> (Thumb, 0 bytes, Stack size unknown bytes, libinit2.o(.ARM.Collect$$libinit$$00000033))

<P><STRONG><a name="[23f]"></a>__rt_lib_init_signal_1</STRONG> (Thumb, 0 bytes, Stack size unknown bytes, libinit2.o(.ARM.Collect$$libinit$$0000001D))

<P><STRONG><a name="[240]"></a>__rt_lib_init_stdio_1</STRONG> (Thumb, 0 bytes, Stack size unknown bytes, libinit2.o(.ARM.Collect$$libinit$$00000025))

<P><STRONG><a name="[11a]"></a>__rt_lib_shutdown</STRONG> (Thumb, 0 bytes, Stack size unknown bytes, libshutdown.o(.ARM.Collect$$libshutdown$$00000000))
<BR><BR>[Called By]<UL><LI><a href="#[119]">&gt;&gt;</a>&nbsp;&nbsp;&nbsp;__rt_exit_ls
</UL>

<P><STRONG><a name="[241]"></a>__rt_lib_shutdown_cpp_1</STRONG> (Thumb, 0 bytes, Stack size unknown bytes, libshutdown2.o(.ARM.Collect$$libshutdown$$00000002))

<P><STRONG><a name="[242]"></a>__rt_lib_shutdown_fp_trap_1</STRONG> (Thumb, 0 bytes, Stack size unknown bytes, libshutdown2.o(.ARM.Collect$$libshutdown$$00000007))

<P><STRONG><a name="[243]"></a>__rt_lib_shutdown_heap_1</STRONG> (Thumb, 0 bytes, Stack size unknown bytes, libshutdown2.o(.ARM.Collect$$libshutdown$$0000000F))

<P><STRONG><a name="[244]"></a>__rt_lib_shutdown_return</STRONG> (Thumb, 0 bytes, Stack size unknown bytes, libshutdown2.o(.ARM.Collect$$libshutdown$$00000010))

<P><STRONG><a name="[245]"></a>__rt_lib_shutdown_signal_1</STRONG> (Thumb, 0 bytes, Stack size unknown bytes, libshutdown2.o(.ARM.Collect$$libshutdown$$0000000A))

<P><STRONG><a name="[246]"></a>__rt_lib_shutdown_stdio_1</STRONG> (Thumb, 0 bytes, Stack size unknown bytes, libshutdown2.o(.ARM.Collect$$libshutdown$$00000004))

<P><STRONG><a name="[247]"></a>__rt_lib_shutdown_user_alloc_1</STRONG> (Thumb, 0 bytes, Stack size unknown bytes, libshutdown2.o(.ARM.Collect$$libshutdown$$0000000C))

<P><STRONG><a name="[f5]"></a>__rt_entry</STRONG> (Thumb, 0 bytes, Stack size unknown bytes, __rtentry.o(.ARM.Collect$$rtentry$$00000000))
<BR><BR>[Called By]<UL><LI><a href="#[93]">&gt;&gt;</a>&nbsp;&nbsp;&nbsp;__main
<LI><a href="#[f6]">&gt;&gt;</a>&nbsp;&nbsp;&nbsp;__scatterload_rt2
</UL>

<P><STRONG><a name="[248]"></a>__rt_entry_presh_1</STRONG> (Thumb, 0 bytes, Stack size unknown bytes, __rtentry2.o(.ARM.Collect$$rtentry$$00000002))

<P><STRONG><a name="[112]"></a>__rt_entry_sh</STRONG> (Thumb, 0 bytes, Stack size unknown bytes, __rtentry4.o(.ARM.Collect$$rtentry$$00000004))
<BR><BR>[Stack]<UL><LI>Max Depth = 8 + Unknown Stack Size
<LI>Call Chain = __rt_entry_sh &rArr; __user_setup_stackheap
</UL>
<BR>[Calls]<UL><LI><a href="#[113]">&gt;&gt;</a>&nbsp;&nbsp;&nbsp;__user_setup_stackheap
</UL>

<P><STRONG><a name="[114]"></a>__rt_entry_li</STRONG> (Thumb, 0 bytes, Stack size unknown bytes, __rtentry2.o(.ARM.Collect$$rtentry$$0000000A))
<BR><BR>[Calls]<UL><LI><a href="#[115]">&gt;&gt;</a>&nbsp;&nbsp;&nbsp;__rt_lib_init
</UL>

<P><STRONG><a name="[249]"></a>__rt_entry_postsh_1</STRONG> (Thumb, 0 bytes, Stack size unknown bytes, __rtentry2.o(.ARM.Collect$$rtentry$$00000009))

<P><STRONG><a name="[116]"></a>__rt_entry_main</STRONG> (Thumb, 0 bytes, Stack size unknown bytes, __rtentry2.o(.ARM.Collect$$rtentry$$0000000D))
<BR><BR>[Stack]<UL><LI>Max Depth = 780 + Unknown Stack Size
<LI>Call Chain = __rt_entry_main &rArr; main &rArr; LoadCalibration &rArr; SaveCalibration &rArr; EEPROM_Write_Data &rArr; EEPROM_Read_Data &rArr;  EEPROM_Read_Data (Cycle)
</UL>
<BR>[Calls]<UL><LI><a href="#[118]">&gt;&gt;</a>&nbsp;&nbsp;&nbsp;exit
<LI><a href="#[117]">&gt;&gt;</a>&nbsp;&nbsp;&nbsp;main
</UL>

<P><STRONG><a name="[24a]"></a>__rt_entry_postli_1</STRONG> (Thumb, 0 bytes, Stack size unknown bytes, __rtentry2.o(.ARM.Collect$$rtentry$$0000000C))

<P><STRONG><a name="[151]"></a>__rt_exit</STRONG> (Thumb, 0 bytes, Stack size unknown bytes, rtexit.o(.ARM.Collect$$rtexit$$00000000))
<BR><BR>[Called By]<UL><LI><a href="#[118]">&gt;&gt;</a>&nbsp;&nbsp;&nbsp;exit
</UL>

<P><STRONG><a name="[119]"></a>__rt_exit_ls</STRONG> (Thumb, 0 bytes, Stack size unknown bytes, rtexit2.o(.ARM.Collect$$rtexit$$00000003))
<BR><BR>[Calls]<UL><LI><a href="#[11a]">&gt;&gt;</a>&nbsp;&nbsp;&nbsp;__rt_lib_shutdown
</UL>

<P><STRONG><a name="[24b]"></a>__rt_exit_prels_1</STRONG> (Thumb, 0 bytes, Stack size unknown bytes, rtexit2.o(.ARM.Collect$$rtexit$$00000002))

<P><STRONG><a name="[11b]"></a>__rt_exit_exit</STRONG> (Thumb, 0 bytes, Stack size unknown bytes, rtexit2.o(.ARM.Collect$$rtexit$$00000004))
<BR><BR>[Calls]<UL><LI><a href="#[11c]">&gt;&gt;</a>&nbsp;&nbsp;&nbsp;_sys_exit
</UL>

<P><STRONG><a name="[37]"></a>Reset_Handler</STRONG> (Thumb, 8 bytes, Stack size 0 bytes, startup_stm32f407xx.o(.text))
<BR>[Address Reference Count : 1]<UL><LI> startup_stm32f407xx.o(RESET)
</UL>
<P><STRONG><a name="[53]"></a>ADC_IRQHandler</STRONG> (Thumb, 0 bytes, Stack size 0 bytes, startup_stm32f407xx.o(.text))
<BR><BR>[Calls]<UL><LI><a href="#[53]">&gt;&gt;</a>&nbsp;&nbsp;&nbsp;ADC_IRQHandler
</UL>
<BR>[Called By]<UL><LI><a href="#[53]">&gt;&gt;</a>&nbsp;&nbsp;&nbsp;ADC_IRQHandler
</UL>
<BR>[Address Reference Count : 1]<UL><LI> startup_stm32f407xx.o(RESET)
</UL>
<P><STRONG><a name="[55]"></a>CAN1_RX0_IRQHandler</STRONG> (Thumb, 0 bytes, Stack size 0 bytes, startup_stm32f407xx.o(.text))
<BR>[Address Reference Count : 1]<UL><LI> startup_stm32f407xx.o(RESET)
</UL>
<P><STRONG><a name="[56]"></a>CAN1_RX1_IRQHandler</STRONG> (Thumb, 0 bytes, Stack size 0 bytes, startup_stm32f407xx.o(.text))
<BR>[Address Reference Count : 1]<UL><LI> startup_stm32f407xx.o(RESET)
</UL>
<P><STRONG><a name="[57]"></a>CAN1_SCE_IRQHandler</STRONG> (Thumb, 0 bytes, Stack size 0 bytes, startup_stm32f407xx.o(.text))
<BR>[Address Reference Count : 1]<UL><LI> startup_stm32f407xx.o(RESET)
</UL>
<P><STRONG><a name="[54]"></a>CAN1_TX_IRQHandler</STRONG> (Thumb, 0 bytes, Stack size 0 bytes, startup_stm32f407xx.o(.text))
<BR>[Address Reference Count : 1]<UL><LI> startup_stm32f407xx.o(RESET)
</UL>
<P><STRONG><a name="[81]"></a>CAN2_RX0_IRQHandler</STRONG> (Thumb, 0 bytes, Stack size 0 bytes, startup_stm32f407xx.o(.text))
<BR>[Address Reference Count : 1]<UL><LI> startup_stm32f407xx.o(RESET)
</UL>
<P><STRONG><a name="[82]"></a>CAN2_RX1_IRQHandler</STRONG> (Thumb, 0 bytes, Stack size 0 bytes, startup_stm32f407xx.o(.text))
<BR>[Address Reference Count : 1]<UL><LI> startup_stm32f407xx.o(RESET)
</UL>
<P><STRONG><a name="[83]"></a>CAN2_SCE_IRQHandler</STRONG> (Thumb, 0 bytes, Stack size 0 bytes, startup_stm32f407xx.o(.text))
<BR>[Address Reference Count : 1]<UL><LI> startup_stm32f407xx.o(RESET)
</UL>
<P><STRONG><a name="[80]"></a>CAN2_TX_IRQHandler</STRONG> (Thumb, 0 bytes, Stack size 0 bytes, startup_stm32f407xx.o(.text))
<BR>[Address Reference Count : 1]<UL><LI> startup_stm32f407xx.o(RESET)
</UL>
<P><STRONG><a name="[8f]"></a>DCMI_IRQHandler</STRONG> (Thumb, 0 bytes, Stack size 0 bytes, startup_stm32f407xx.o(.text))
<BR>[Address Reference Count : 1]<UL><LI> startup_stm32f407xx.o(RESET)
</UL>
<P><STRONG><a name="[4d]"></a>DMA1_Stream1_IRQHandler</STRONG> (Thumb, 0 bytes, Stack size 0 bytes, startup_stm32f407xx.o(.text))
<BR>[Address Reference Count : 1]<UL><LI> startup_stm32f407xx.o(RESET)
</UL>
<P><STRONG><a name="[4e]"></a>DMA1_Stream2_IRQHandler</STRONG> (Thumb, 0 bytes, Stack size 0 bytes, startup_stm32f407xx.o(.text))
<BR>[Address Reference Count : 1]<UL><LI> startup_stm32f407xx.o(RESET)
</UL>
<P><STRONG><a name="[4f]"></a>DMA1_Stream3_IRQHandler</STRONG> (Thumb, 0 bytes, Stack size 0 bytes, startup_stm32f407xx.o(.text))
<BR>[Address Reference Count : 1]<UL><LI> startup_stm32f407xx.o(RESET)
</UL>
<P><STRONG><a name="[50]"></a>DMA1_Stream4_IRQHandler</STRONG> (Thumb, 0 bytes, Stack size 0 bytes, startup_stm32f407xx.o(.text))
<BR>[Address Reference Count : 1]<UL><LI> startup_stm32f407xx.o(RESET)
</UL>
<P><STRONG><a name="[52]"></a>DMA1_Stream6_IRQHandler</STRONG> (Thumb, 0 bytes, Stack size 0 bytes, startup_stm32f407xx.o(.text))
<BR>[Address Reference Count : 1]<UL><LI> startup_stm32f407xx.o(RESET)
</UL>
<P><STRONG><a name="[70]"></a>DMA1_Stream7_IRQHandler</STRONG> (Thumb, 0 bytes, Stack size 0 bytes, startup_stm32f407xx.o(.text))
<BR>[Address Reference Count : 1]<UL><LI> startup_stm32f407xx.o(RESET)
</UL>
<P><STRONG><a name="[79]"></a>DMA2_Stream0_IRQHandler</STRONG> (Thumb, 0 bytes, Stack size 0 bytes, startup_stm32f407xx.o(.text))
<BR>[Address Reference Count : 1]<UL><LI> startup_stm32f407xx.o(RESET)
</UL>
<P><STRONG><a name="[7c]"></a>DMA2_Stream3_IRQHandler</STRONG> (Thumb, 0 bytes, Stack size 0 bytes, startup_stm32f407xx.o(.text))
<BR>[Address Reference Count : 1]<UL><LI> startup_stm32f407xx.o(RESET)
</UL>
<P><STRONG><a name="[7d]"></a>DMA2_Stream4_IRQHandler</STRONG> (Thumb, 0 bytes, Stack size 0 bytes, startup_stm32f407xx.o(.text))
<BR>[Address Reference Count : 1]<UL><LI> startup_stm32f407xx.o(RESET)
</UL>
<P><STRONG><a name="[87]"></a>DMA2_Stream7_IRQHandler</STRONG> (Thumb, 0 bytes, Stack size 0 bytes, startup_stm32f407xx.o(.text))
<BR>[Address Reference Count : 1]<UL><LI> startup_stm32f407xx.o(RESET)
</UL>
<P><STRONG><a name="[7e]"></a>ETH_IRQHandler</STRONG> (Thumb, 0 bytes, Stack size 0 bytes, startup_stm32f407xx.o(.text))
<BR>[Address Reference Count : 1]<UL><LI> startup_stm32f407xx.o(RESET)
</UL>
<P><STRONG><a name="[7f]"></a>ETH_WKUP_IRQHandler</STRONG> (Thumb, 0 bytes, Stack size 0 bytes, startup_stm32f407xx.o(.text))
<BR>[Address Reference Count : 1]<UL><LI> startup_stm32f407xx.o(RESET)
</UL>
<P><STRONG><a name="[4b]"></a>EXTI4_IRQHandler</STRONG> (Thumb, 0 bytes, Stack size 0 bytes, startup_stm32f407xx.o(.text))
<BR>[Address Reference Count : 1]<UL><LI> startup_stm32f407xx.o(RESET)
</UL>
<P><STRONG><a name="[45]"></a>FLASH_IRQHandler</STRONG> (Thumb, 0 bytes, Stack size 0 bytes, startup_stm32f407xx.o(.text))
<BR>[Address Reference Count : 1]<UL><LI> startup_stm32f407xx.o(RESET)
</UL>
<P><STRONG><a name="[71]"></a>FMC_IRQHandler</STRONG> (Thumb, 0 bytes, Stack size 0 bytes, startup_stm32f407xx.o(.text))
<BR>[Address Reference Count : 1]<UL><LI> startup_stm32f407xx.o(RESET)
</UL>
<P><STRONG><a name="[91]"></a>FPU_IRQHandler</STRONG> (Thumb, 0 bytes, Stack size 0 bytes, startup_stm32f407xx.o(.text))
<BR>[Address Reference Count : 1]<UL><LI> startup_stm32f407xx.o(RESET)
</UL>
<P><STRONG><a name="[90]"></a>HASH_RNG_IRQHandler</STRONG> (Thumb, 0 bytes, Stack size 0 bytes, startup_stm32f407xx.o(.text))
<BR>[Address Reference Count : 1]<UL><LI> startup_stm32f407xx.o(RESET)
</UL>
<P><STRONG><a name="[61]"></a>I2C1_ER_IRQHandler</STRONG> (Thumb, 0 bytes, Stack size 0 bytes, startup_stm32f407xx.o(.text))
<BR>[Address Reference Count : 1]<UL><LI> startup_stm32f407xx.o(RESET)
</UL>
<P><STRONG><a name="[60]"></a>I2C1_EV_IRQHandler</STRONG> (Thumb, 0 bytes, Stack size 0 bytes, startup_stm32f407xx.o(.text))
<BR>[Address Reference Count : 1]<UL><LI> startup_stm32f407xx.o(RESET)
</UL>
<P><STRONG><a name="[63]"></a>I2C2_ER_IRQHandler</STRONG> (Thumb, 0 bytes, Stack size 0 bytes, startup_stm32f407xx.o(.text))
<BR>[Address Reference Count : 1]<UL><LI> startup_stm32f407xx.o(RESET)
</UL>
<P><STRONG><a name="[62]"></a>I2C2_EV_IRQHandler</STRONG> (Thumb, 0 bytes, Stack size 0 bytes, startup_stm32f407xx.o(.text))
<BR>[Address Reference Count : 1]<UL><LI> startup_stm32f407xx.o(RESET)
</UL>
<P><STRONG><a name="[8a]"></a>I2C3_ER_IRQHandler</STRONG> (Thumb, 0 bytes, Stack size 0 bytes, startup_stm32f407xx.o(.text))
<BR>[Address Reference Count : 1]<UL><LI> startup_stm32f407xx.o(RESET)
</UL>
<P><STRONG><a name="[89]"></a>I2C3_EV_IRQHandler</STRONG> (Thumb, 0 bytes, Stack size 0 bytes, startup_stm32f407xx.o(.text))
<BR>[Address Reference Count : 1]<UL><LI> startup_stm32f407xx.o(RESET)
</UL>
<P><STRONG><a name="[6b]"></a>OTG_FS_WKUP_IRQHandler</STRONG> (Thumb, 0 bytes, Stack size 0 bytes, startup_stm32f407xx.o(.text))
<BR>[Address Reference Count : 1]<UL><LI> startup_stm32f407xx.o(RESET)
</UL>
<P><STRONG><a name="[8c]"></a>OTG_HS_EP1_IN_IRQHandler</STRONG> (Thumb, 0 bytes, Stack size 0 bytes, startup_stm32f407xx.o(.text))
<BR>[Address Reference Count : 1]<UL><LI> startup_stm32f407xx.o(RESET)
</UL>
<P><STRONG><a name="[8b]"></a>OTG_HS_EP1_OUT_IRQHandler</STRONG> (Thumb, 0 bytes, Stack size 0 bytes, startup_stm32f407xx.o(.text))
<BR>[Address Reference Count : 1]<UL><LI> startup_stm32f407xx.o(RESET)
</UL>
<P><STRONG><a name="[8e]"></a>OTG_HS_IRQHandler</STRONG> (Thumb, 0 bytes, Stack size 0 bytes, startup_stm32f407xx.o(.text))
<BR>[Address Reference Count : 1]<UL><LI> startup_stm32f407xx.o(RESET)
</UL>
<P><STRONG><a name="[8d]"></a>OTG_HS_WKUP_IRQHandler</STRONG> (Thumb, 0 bytes, Stack size 0 bytes, startup_stm32f407xx.o(.text))
<BR>[Address Reference Count : 1]<UL><LI> startup_stm32f407xx.o(RESET)
</UL>
<P><STRONG><a name="[42]"></a>PVD_IRQHandler</STRONG> (Thumb, 0 bytes, Stack size 0 bytes, startup_stm32f407xx.o(.text))
<BR>[Address Reference Count : 1]<UL><LI> startup_stm32f407xx.o(RESET)
</UL>
<P><STRONG><a name="[46]"></a>RCC_IRQHandler</STRONG> (Thumb, 0 bytes, Stack size 0 bytes, startup_stm32f407xx.o(.text))
<BR>[Address Reference Count : 1]<UL><LI> startup_stm32f407xx.o(RESET)
</UL>
<P><STRONG><a name="[6a]"></a>RTC_Alarm_IRQHandler</STRONG> (Thumb, 0 bytes, Stack size 0 bytes, startup_stm32f407xx.o(.text))
<BR>[Address Reference Count : 1]<UL><LI> startup_stm32f407xx.o(RESET)
</UL>
<P><STRONG><a name="[44]"></a>RTC_WKUP_IRQHandler</STRONG> (Thumb, 0 bytes, Stack size 0 bytes, startup_stm32f407xx.o(.text))
<BR>[Address Reference Count : 1]<UL><LI> startup_stm32f407xx.o(RESET)
</UL>
<P><STRONG><a name="[72]"></a>SDIO_IRQHandler</STRONG> (Thumb, 0 bytes, Stack size 0 bytes, startup_stm32f407xx.o(.text))
<BR>[Address Reference Count : 1]<UL><LI> startup_stm32f407xx.o(RESET)
</UL>
<P><STRONG><a name="[64]"></a>SPI1_IRQHandler</STRONG> (Thumb, 0 bytes, Stack size 0 bytes, startup_stm32f407xx.o(.text))
<BR>[Address Reference Count : 1]<UL><LI> startup_stm32f407xx.o(RESET)
</UL>
<P><STRONG><a name="[65]"></a>SPI2_IRQHandler</STRONG> (Thumb, 0 bytes, Stack size 0 bytes, startup_stm32f407xx.o(.text))
<BR>[Address Reference Count : 1]<UL><LI> startup_stm32f407xx.o(RESET)
</UL>
<P><STRONG><a name="[43]"></a>TAMP_STAMP_IRQHandler</STRONG> (Thumb, 0 bytes, Stack size 0 bytes, startup_stm32f407xx.o(.text))
<BR>[Address Reference Count : 1]<UL><LI> startup_stm32f407xx.o(RESET)
</UL>
<P><STRONG><a name="[59]"></a>TIM1_BRK_TIM9_IRQHandler</STRONG> (Thumb, 0 bytes, Stack size 0 bytes, startup_stm32f407xx.o(.text))
<BR>[Address Reference Count : 1]<UL><LI> startup_stm32f407xx.o(RESET)
</UL>
<P><STRONG><a name="[5c]"></a>TIM1_CC_IRQHandler</STRONG> (Thumb, 0 bytes, Stack size 0 bytes, startup_stm32f407xx.o(.text))
<BR>[Address Reference Count : 1]<UL><LI> startup_stm32f407xx.o(RESET)
</UL>
<P><STRONG><a name="[5b]"></a>TIM1_TRG_COM_TIM11_IRQHandler</STRONG> (Thumb, 0 bytes, Stack size 0 bytes, startup_stm32f407xx.o(.text))
<BR>[Address Reference Count : 1]<UL><LI> startup_stm32f407xx.o(RESET)
</UL>
<P><STRONG><a name="[5a]"></a>TIM1_UP_TIM10_IRQHandler</STRONG> (Thumb, 0 bytes, Stack size 0 bytes, startup_stm32f407xx.o(.text))
<BR>[Address Reference Count : 1]<UL><LI> startup_stm32f407xx.o(RESET)
</UL>
<P><STRONG><a name="[5d]"></a>TIM2_IRQHandler</STRONG> (Thumb, 0 bytes, Stack size 0 bytes, startup_stm32f407xx.o(.text))
<BR>[Address Reference Count : 1]<UL><LI> startup_stm32f407xx.o(RESET)
</UL>
<P><STRONG><a name="[6c]"></a>TIM8_BRK_TIM12_IRQHandler</STRONG> (Thumb, 0 bytes, Stack size 0 bytes, startup_stm32f407xx.o(.text))
<BR>[Address Reference Count : 1]<UL><LI> startup_stm32f407xx.o(RESET)
</UL>
<P><STRONG><a name="[6f]"></a>TIM8_CC_IRQHandler</STRONG> (Thumb, 0 bytes, Stack size 0 bytes, startup_stm32f407xx.o(.text))
<BR>[Address Reference Count : 1]<UL><LI> startup_stm32f407xx.o(RESET)
</UL>
<P><STRONG><a name="[6e]"></a>TIM8_TRG_COM_TIM14_IRQHandler</STRONG> (Thumb, 0 bytes, Stack size 0 bytes, startup_stm32f407xx.o(.text))
<BR>[Address Reference Count : 1]<UL><LI> startup_stm32f407xx.o(RESET)
</UL>
<P><STRONG><a name="[75]"></a>UART4_IRQHandler</STRONG> (Thumb, 0 bytes, Stack size 0 bytes, startup_stm32f407xx.o(.text))
<BR>[Address Reference Count : 1]<UL><LI> startup_stm32f407xx.o(RESET)
</UL>
<P><STRONG><a name="[76]"></a>UART5_IRQHandler</STRONG> (Thumb, 0 bytes, Stack size 0 bytes, startup_stm32f407xx.o(.text))
<BR>[Address Reference Count : 1]<UL><LI> startup_stm32f407xx.o(RESET)
</UL>
<P><STRONG><a name="[66]"></a>USART1_IRQHandler</STRONG> (Thumb, 0 bytes, Stack size 0 bytes, startup_stm32f407xx.o(.text))
<BR>[Address Reference Count : 1]<UL><LI> startup_stm32f407xx.o(RESET)
</UL>
<P><STRONG><a name="[67]"></a>USART2_IRQHandler</STRONG> (Thumb, 0 bytes, Stack size 0 bytes, startup_stm32f407xx.o(.text))
<BR>[Address Reference Count : 1]<UL><LI> startup_stm32f407xx.o(RESET)
</UL>
<P><STRONG><a name="[68]"></a>USART3_IRQHandler</STRONG> (Thumb, 0 bytes, Stack size 0 bytes, startup_stm32f407xx.o(.text))
<BR>[Address Reference Count : 1]<UL><LI> startup_stm32f407xx.o(RESET)
</UL>
<P><STRONG><a name="[88]"></a>USART6_IRQHandler</STRONG> (Thumb, 0 bytes, Stack size 0 bytes, startup_stm32f407xx.o(.text))
<BR>[Address Reference Count : 1]<UL><LI> startup_stm32f407xx.o(RESET)
</UL>
<P><STRONG><a name="[41]"></a>WWDG_IRQHandler</STRONG> (Thumb, 0 bytes, Stack size 0 bytes, startup_stm32f407xx.o(.text))
<BR>[Address Reference Count : 1]<UL><LI> startup_stm32f407xx.o(RESET)
</UL>
<P><STRONG><a name="[150]"></a>__user_initial_stackheap</STRONG> (Thumb, 0 bytes, Stack size unknown bytes, startup_stm32f407xx.o(.text))
<BR><BR>[Called By]<UL><LI><a href="#[113]">&gt;&gt;</a>&nbsp;&nbsp;&nbsp;__user_setup_stackheap
</UL>

<P><STRONG><a name="[11d]"></a>malloc</STRONG> (Thumb, 94 bytes, Stack size 16 bytes, h1_alloc.o(.text))
<BR><BR>[Stack]<UL><LI>Max Depth = 48<LI>Call Chain = malloc &rArr; __Heap_Full &rArr; __Heap_ProvideMemory &rArr; free
</UL>
<BR>[Calls]<UL><LI><a href="#[11f]">&gt;&gt;</a>&nbsp;&nbsp;&nbsp;__Heap_Full
<LI><a href="#[11e]">&gt;&gt;</a>&nbsp;&nbsp;&nbsp;__rt_heap_descriptor
</UL>
<BR>[Called By]<UL><LI><a href="#[25]">&gt;&gt;</a>&nbsp;&nbsp;&nbsp;USBD_UA3REO_Init
</UL>

<P><STRONG><a name="[120]"></a>free</STRONG> (Thumb, 78 bytes, Stack size 16 bytes, h1_free.o(.text))
<BR><BR>[Stack]<UL><LI>Max Depth = 16<LI>Call Chain = free
</UL>
<BR>[Calls]<UL><LI><a href="#[11e]">&gt;&gt;</a>&nbsp;&nbsp;&nbsp;__rt_heap_descriptor
</UL>
<BR>[Called By]<UL><LI><a href="#[133]">&gt;&gt;</a>&nbsp;&nbsp;&nbsp;__Heap_ProvideMemory
<LI><a href="#[26]">&gt;&gt;</a>&nbsp;&nbsp;&nbsp;USBD_UA3REO_DeInit
</UL>

<P><STRONG><a name="[121]"></a>__2sprintf</STRONG> (Thumb, 34 bytes, Stack size 32 bytes, noretval__2sprintf.o(.text))
<BR><BR>[Stack]<UL><LI>Max Depth = 136 + Unknown Stack Size
<LI>Call Chain = __2sprintf &rArr; _printf_char_common &rArr; __printf
</UL>
<BR>[Calls]<UL><LI><a href="#[94]">&gt;&gt;</a>&nbsp;&nbsp;&nbsp;_sputc
<LI><a href="#[122]">&gt;&gt;</a>&nbsp;&nbsp;&nbsp;_printf_char_common
</UL>
<BR>[Called By]<UL><LI><a href="#[169]">&gt;&gt;</a>&nbsp;&nbsp;&nbsp;sendToDebug_uint8
<LI><a href="#[1c6]">&gt;&gt;</a>&nbsp;&nbsp;&nbsp;sendToDebug_uint32
<LI><a href="#[1a8]">&gt;&gt;</a>&nbsp;&nbsp;&nbsp;sendToDebug_uint16
<LI><a href="#[1c8]">&gt;&gt;</a>&nbsp;&nbsp;&nbsp;sendToDebug_int16
<LI><a href="#[1c7]">&gt;&gt;</a>&nbsp;&nbsp;&nbsp;sendToDebug_float32
<LI><a href="#[1a1]">&gt;&gt;</a>&nbsp;&nbsp;&nbsp;drawSystemMenuElement
<LI><a href="#[186]">&gt;&gt;</a>&nbsp;&nbsp;&nbsp;SYSMENU_drawSystemMenu
<LI><a href="#[d6]">&gt;&gt;</a>&nbsp;&nbsp;&nbsp;SYSMENU_HANDL_SETTIME
<LI><a href="#[1ac]">&gt;&gt;</a>&nbsp;&nbsp;&nbsp;SWR_Start
<LI><a href="#[1ab]">&gt;&gt;</a>&nbsp;&nbsp;&nbsp;SWR_EncRotate
<LI><a href="#[19f]">&gt;&gt;</a>&nbsp;&nbsp;&nbsp;LCD_displayTopButtons
<LI><a href="#[19a]">&gt;&gt;</a>&nbsp;&nbsp;&nbsp;LCD_displayStatusInfoBar
<LI><a href="#[197]">&gt;&gt;</a>&nbsp;&nbsp;&nbsp;LCD_displayFreqInfo
<LI><a href="#[5f]">&gt;&gt;</a>&nbsp;&nbsp;&nbsp;TIM4_IRQHandler
</UL>

<P><STRONG><a name="[124]"></a>_printf_pre_padding</STRONG> (Thumb, 44 bytes, Stack size 16 bytes, _printf_pad.o(.text))
<BR><BR>[Stack]<UL><LI>Max Depth = 16<LI>Call Chain = _printf_pre_padding
</UL>
<BR>[Called By]<UL><LI><a href="#[129]">&gt;&gt;</a>&nbsp;&nbsp;&nbsp;_printf_wctomb
<LI><a href="#[123]">&gt;&gt;</a>&nbsp;&nbsp;&nbsp;_printf_str
<LI><a href="#[141]">&gt;&gt;</a>&nbsp;&nbsp;&nbsp;_printf_fp_infnan
<LI><a href="#[142]">&gt;&gt;</a>&nbsp;&nbsp;&nbsp;_printf_fp_hex_real
<LI><a href="#[13f]">&gt;&gt;</a>&nbsp;&nbsp;&nbsp;_printf_fp_dec_real
<LI><a href="#[128]">&gt;&gt;</a>&nbsp;&nbsp;&nbsp;_printf_int_common
</UL>

<P><STRONG><a name="[125]"></a>_printf_post_padding</STRONG> (Thumb, 34 bytes, Stack size 16 bytes, _printf_pad.o(.text))
<BR><BR>[Stack]<UL><LI>Max Depth = 16<LI>Call Chain = _printf_post_padding
</UL>
<BR>[Called By]<UL><LI><a href="#[129]">&gt;&gt;</a>&nbsp;&nbsp;&nbsp;_printf_wctomb
<LI><a href="#[123]">&gt;&gt;</a>&nbsp;&nbsp;&nbsp;_printf_str
<LI><a href="#[141]">&gt;&gt;</a>&nbsp;&nbsp;&nbsp;_printf_fp_infnan
<LI><a href="#[142]">&gt;&gt;</a>&nbsp;&nbsp;&nbsp;_printf_fp_hex_real
<LI><a href="#[13f]">&gt;&gt;</a>&nbsp;&nbsp;&nbsp;_printf_fp_dec_real
<LI><a href="#[128]">&gt;&gt;</a>&nbsp;&nbsp;&nbsp;_printf_int_common
</UL>

<P><STRONG><a name="[126]"></a>_printf_truncate_signed</STRONG> (Thumb, 18 bytes, Stack size 0 bytes, _printf_truncate.o(.text))
<BR><BR>[Called By]<UL><LI><a href="#[fe]">&gt;&gt;</a>&nbsp;&nbsp;&nbsp;_printf_int_dec
</UL>

<P><STRONG><a name="[127]"></a>_printf_truncate_unsigned</STRONG> (Thumb, 18 bytes, Stack size 0 bytes, _printf_truncate.o(.text))
<BR><BR>[Called By]<UL><LI><a href="#[104]">&gt;&gt;</a>&nbsp;&nbsp;&nbsp;_printf_int_hex
<LI><a href="#[102]">&gt;&gt;</a>&nbsp;&nbsp;&nbsp;_printf_int_oct
<LI><a href="#[fe]">&gt;&gt;</a>&nbsp;&nbsp;&nbsp;_printf_int_dec
</UL>

<P><STRONG><a name="[123]"></a>_printf_str</STRONG> (Thumb, 82 bytes, Stack size 16 bytes, _printf_str.o(.text))
<BR><BR>[Stack]<UL><LI>Max Depth = 32<LI>Call Chain = _printf_str &rArr; _printf_post_padding
</UL>
<BR>[Calls]<UL><LI><a href="#[125]">&gt;&gt;</a>&nbsp;&nbsp;&nbsp;_printf_post_padding
<LI><a href="#[124]">&gt;&gt;</a>&nbsp;&nbsp;&nbsp;_printf_pre_padding
</UL>
<BR>[Called By]<UL><LI><a href="#[143]">&gt;&gt;</a>&nbsp;&nbsp;&nbsp;_printf_cs_common
</UL>

<P><STRONG><a name="[fe]"></a>_printf_int_dec</STRONG> (Thumb, 104 bytes, Stack size 24 bytes, _printf_dec.o(.text))
<BR><BR>[Stack]<UL><LI>Max Depth = 72<LI>Call Chain = _printf_int_dec &rArr; _printf_int_common &rArr; _printf_post_padding
</UL>
<BR>[Calls]<UL><LI><a href="#[127]">&gt;&gt;</a>&nbsp;&nbsp;&nbsp;_printf_truncate_unsigned
<LI><a href="#[126]">&gt;&gt;</a>&nbsp;&nbsp;&nbsp;_printf_truncate_signed
<LI><a href="#[128]">&gt;&gt;</a>&nbsp;&nbsp;&nbsp;_printf_int_common
</UL>
<BR>[Called By]<UL><LI><a href="#[100]">&gt;&gt;</a>&nbsp;&nbsp;&nbsp;_printf_u
<LI><a href="#[ff]">&gt;&gt;</a>&nbsp;&nbsp;&nbsp;_printf_d
<LI><a href="#[fd]">&gt;&gt;</a>&nbsp;&nbsp;&nbsp;_printf_i
</UL>

<P><STRONG><a name="[129]"></a>_printf_wctomb</STRONG> (Thumb, 182 bytes, Stack size 56 bytes, _printf_wctomb.o(.text))
<BR><BR>[Stack]<UL><LI>Max Depth = 80<LI>Call Chain = _printf_wctomb &rArr; _wcrtomb
</UL>
<BR>[Calls]<UL><LI><a href="#[125]">&gt;&gt;</a>&nbsp;&nbsp;&nbsp;_printf_post_padding
<LI><a href="#[124]">&gt;&gt;</a>&nbsp;&nbsp;&nbsp;_printf_pre_padding
<LI><a href="#[12a]">&gt;&gt;</a>&nbsp;&nbsp;&nbsp;_wcrtomb
</UL>
<BR>[Called By]<UL><LI><a href="#[145]">&gt;&gt;</a>&nbsp;&nbsp;&nbsp;_printf_lcs_common
</UL>

<P><STRONG><a name="[102]"></a>_printf_int_oct</STRONG> (Thumb, 74 bytes, Stack size 16 bytes, _printf_oct_int.o(.text))
<BR><BR>[Stack]<UL><LI>Max Depth = 64<LI>Call Chain = _printf_int_oct &rArr; _printf_int_common &rArr; _printf_post_padding
</UL>
<BR>[Calls]<UL><LI><a href="#[127]">&gt;&gt;</a>&nbsp;&nbsp;&nbsp;_printf_truncate_unsigned
<LI><a href="#[128]">&gt;&gt;</a>&nbsp;&nbsp;&nbsp;_printf_int_common
</UL>
<BR>[Called By]<UL><LI><a href="#[101]">&gt;&gt;</a>&nbsp;&nbsp;&nbsp;_printf_o
</UL>

<P><STRONG><a name="[24c]"></a>_printf_longlong_oct</STRONG> (Thumb, 0 bytes, Stack size 16 bytes, _printf_oct_int.o(.text), UNUSED)

<P><STRONG><a name="[104]"></a>_printf_int_hex</STRONG> (Thumb, 84 bytes, Stack size 16 bytes, _printf_hex_int.o(.text))
<BR><BR>[Stack]<UL><LI>Max Depth = 64<LI>Call Chain = _printf_int_hex &rArr; _printf_int_common &rArr; _printf_post_padding
</UL>
<BR>[Calls]<UL><LI><a href="#[127]">&gt;&gt;</a>&nbsp;&nbsp;&nbsp;_printf_truncate_unsigned
<LI><a href="#[128]">&gt;&gt;</a>&nbsp;&nbsp;&nbsp;_printf_int_common
</UL>
<BR>[Called By]<UL><LI><a href="#[103]">&gt;&gt;</a>&nbsp;&nbsp;&nbsp;_printf_x
</UL>

<P><STRONG><a name="[24d]"></a>_printf_longlong_hex</STRONG> (Thumb, 0 bytes, Stack size 16 bytes, _printf_hex_int.o(.text), UNUSED)

<P><STRONG><a name="[12b]"></a>__printf</STRONG> (Thumb, 388 bytes, Stack size 40 bytes, __printf_flags_ss_wp.o(.text))
<BR><BR>[Stack]<UL><LI>Max Depth = 40 + Unknown Stack Size
<LI>Call Chain = __printf
</UL>
<BR>[Calls]<UL><LI><a href="#[12d]">&gt;&gt;</a>&nbsp;&nbsp;&nbsp;_printf_percent
<LI><a href="#[12c]">&gt;&gt;</a>&nbsp;&nbsp;&nbsp;_is_digit
</UL>
<BR>[Called By]<UL><LI><a href="#[122]">&gt;&gt;</a>&nbsp;&nbsp;&nbsp;_printf_char_common
</UL>

<P><STRONG><a name="[12e]"></a>atoi</STRONG> (Thumb, 26 bytes, Stack size 16 bytes, atoi.o(.text))
<BR><BR>[Stack]<UL><LI>Max Depth = 88<LI>Call Chain = atoi &rArr; strtol &rArr; _strtoul
</UL>
<BR>[Calls]<UL><LI><a href="#[130]">&gt;&gt;</a>&nbsp;&nbsp;&nbsp;strtol
<LI><a href="#[12f]">&gt;&gt;</a>&nbsp;&nbsp;&nbsp;__aeabi_errno_addr
</UL>
<BR>[Called By]<UL><LI><a href="#[5f]">&gt;&gt;</a>&nbsp;&nbsp;&nbsp;TIM4_IRQHandler
</UL>

<P><STRONG><a name="[1b7]"></a>memcmp</STRONG> (Thumb, 88 bytes, Stack size 8 bytes, memcmp.o(.text))
<BR><BR>[Stack]<UL><LI>Max Depth = 8<LI>Call Chain = memcmp
</UL>
<BR>[Called By]<UL><LI><a href="#[5f]">&gt;&gt;</a>&nbsp;&nbsp;&nbsp;TIM4_IRQHandler
</UL>

<P><STRONG><a name="[182]"></a>strcpy</STRONG> (Thumb, 72 bytes, Stack size 12 bytes, strcpy.o(.text))
<BR><BR>[Stack]<UL><LI>Max Depth = 12<LI>Call Chain = strcpy
</UL>
<BR>[Called By]<UL><LI><a href="#[199]">&gt;&gt;</a>&nbsp;&nbsp;&nbsp;addSymbols
<LI><a href="#[19a]">&gt;&gt;</a>&nbsp;&nbsp;&nbsp;LCD_displayStatusInfoBar
<LI><a href="#[1c]">&gt;&gt;</a>&nbsp;&nbsp;&nbsp;FRONTPANEL_BUTTONHANDLER_KEYER
<LI><a href="#[1a]">&gt;&gt;</a>&nbsp;&nbsp;&nbsp;FRONTPANEL_BUTTONHANDLER_BANDMAP
</UL>

<P><STRONG><a name="[19b]"></a>strlen</STRONG> (Thumb, 62 bytes, Stack size 8 bytes, strlen.o(.text))
<BR><BR>[Stack]<UL><LI>Max Depth = 8<LI>Call Chain = strlen
</UL>
<BR>[Called By]<UL><LI><a href="#[169]">&gt;&gt;</a>&nbsp;&nbsp;&nbsp;sendToDebug_uint8
<LI><a href="#[1c6]">&gt;&gt;</a>&nbsp;&nbsp;&nbsp;sendToDebug_uint32
<LI><a href="#[1a8]">&gt;&gt;</a>&nbsp;&nbsp;&nbsp;sendToDebug_uint16
<LI><a href="#[168]">&gt;&gt;</a>&nbsp;&nbsp;&nbsp;sendToDebug_strln
<LI><a href="#[1b8]">&gt;&gt;</a>&nbsp;&nbsp;&nbsp;sendToDebug_str3
<LI><a href="#[1c8]">&gt;&gt;</a>&nbsp;&nbsp;&nbsp;sendToDebug_int16
<LI><a href="#[1c7]">&gt;&gt;</a>&nbsp;&nbsp;&nbsp;sendToDebug_float32
<LI><a href="#[199]">&gt;&gt;</a>&nbsp;&nbsp;&nbsp;addSymbols
<LI><a href="#[19a]">&gt;&gt;</a>&nbsp;&nbsp;&nbsp;LCD_displayStatusInfoBar
<LI><a href="#[117]">&gt;&gt;</a>&nbsp;&nbsp;&nbsp;main
<LI><a href="#[5f]">&gt;&gt;</a>&nbsp;&nbsp;&nbsp;TIM4_IRQHandler
</UL>

<P><STRONG><a name="[1b9]"></a>strcat</STRONG> (Thumb, 24 bytes, Stack size 0 bytes, strcat.o(.text))
<BR><BR>[Called By]<UL><LI><a href="#[199]">&gt;&gt;</a>&nbsp;&nbsp;&nbsp;addSymbols
<LI><a href="#[117]">&gt;&gt;</a>&nbsp;&nbsp;&nbsp;main
<LI><a href="#[5f]">&gt;&gt;</a>&nbsp;&nbsp;&nbsp;TIM4_IRQHandler
</UL>

<P><STRONG><a name="[131]"></a>strncpy</STRONG> (Thumb, 86 bytes, Stack size 8 bytes, strncpy.o(.text))
<BR><BR>[Stack]<UL><LI>Max Depth = 8<LI>Call Chain = strncpy
</UL>
<BR>[Calls]<UL><LI><a href="#[132]">&gt;&gt;</a>&nbsp;&nbsp;&nbsp;__aeabi_memclr
</UL>
<BR>[Called By]<UL><LI><a href="#[24]">&gt;&gt;</a>&nbsp;&nbsp;&nbsp;CAT_Receive_FS
<LI><a href="#[5f]">&gt;&gt;</a>&nbsp;&nbsp;&nbsp;TIM4_IRQHandler
</UL>

<P><STRONG><a name="[1de]"></a>strcmp</STRONG> (Thumb, 124 bytes, Stack size 8 bytes, strcmpv7em.o(.text))
<BR><BR>[Stack]<UL><LI>Max Depth = 8<LI>Call Chain = strcmp
</UL>
<BR>[Called By]<UL><LI><a href="#[111]">&gt;&gt;</a>&nbsp;&nbsp;&nbsp;_get_lc_numeric
<LI><a href="#[96]">&gt;&gt;</a>&nbsp;&nbsp;&nbsp;_get_lc_ctype
<LI><a href="#[1ba]">&gt;&gt;</a>&nbsp;&nbsp;&nbsp;setFT450Mode
</UL>

[...]
<BR>[Address Reference Count : 1]<UL><LI> lto-llvm-ea22a7.o(.data.USBD_UA3REO)
</UL>
<P><STRONG><a name="[2e]"></a>USBD_UA3REO_IsoOutIncomplete</STRONG> (Thumb, 4 bytes, Stack size 0 bytes, lto-llvm-ea22a7.o(.text.USBD_UA3REO_IsoOutIncomplete))
<BR>[Address Reference Count : 1]<UL><LI> lto-llvm-ea22a7.o(.data.USBD_UA3REO)
</UL>
<P><STRONG><a name="[2c]"></a>USBD_UA3REO_SOF</STRONG> (Thumb, 24 bytes, Stack size 0 bytes, lto-llvm-ea22a7.o(.text.USBD_UA3REO_SOF))
<BR>[Address Reference Count : 1]<UL><LI> lto-llvm-ea22a7.o(.data.USBD_UA3REO)
</UL>
<P><STRONG><a name="[27]"></a>USBD_UA3REO_Setup</STRONG> (Thumb, 1108 bytes, Stack size 32 bytes, lto-llvm-ea22a7.o(.text.USBD_UA3REO_Setup))
<BR><BR>[Stack]<UL><LI>Max Depth = 48<LI>Call Chain = USBD_UA3REO_Setup &rArr; USB_EP0StartXfer
</UL>
<BR>[Calls]<UL><LI><a href="#[18c]">&gt;&gt;</a>&nbsp;&nbsp;&nbsp;USB_EP0StartXfer
<LI><a href="#[1a5]">&gt;&gt;</a>&nbsp;&nbsp;&nbsp;USBD_LL_StallEP
</UL>
<BR>[Address Reference Count : 1]<UL><LI> lto-llvm-ea22a7.o(.data.USBD_UA3REO)
</UL>
<P><STRONG><a name="[18c]"></a>USB_EP0StartXfer</STRONG> (Thumb, 248 bytes, Stack size 16 bytes, lto-llvm-ea22a7.o(.text.USB_EP0StartXfer))
<BR><BR>[Stack]<UL><LI>Max Depth = 16<LI>Call Chain = USB_EP0StartXfer
</UL>
<BR>[Called By]<UL><LI><a href="#[27]">&gt;&gt;</a>&nbsp;&nbsp;&nbsp;USBD_UA3REO_Setup
<LI><a href="#[18b]">&gt;&gt;</a>&nbsp;&nbsp;&nbsp;HAL_PCD_DataOutStageCallback
<LI><a href="#[84]">&gt;&gt;</a>&nbsp;&nbsp;&nbsp;OTG_FS_IRQHandler
</UL>

<P><STRONG><a name="[15b]"></a>USB_EPStartXfer</STRONG> (Thumb, 512 bytes, Stack size 16 bytes, lto-llvm-ea22a7.o(.text.USB_EPStartXfer))
<BR><BR>[Stack]<UL><LI>Max Depth = 16<LI>Call Chain = USB_EPStartXfer
</UL>
<BR>[Called By]<UL><LI><a href="#[15a]">&gt;&gt;</a>&nbsp;&nbsp;&nbsp;DEBUG_Transmit_FIFO_Events
<LI><a href="#[36]">&gt;&gt;</a>&nbsp;&nbsp;&nbsp;DEBUG_Receive_FS
<LI><a href="#[31]">&gt;&gt;</a>&nbsp;&nbsp;&nbsp;AUDIO_Init_FS
<LI><a href="#[25]">&gt;&gt;</a>&nbsp;&nbsp;&nbsp;USBD_UA3REO_Init
<LI><a href="#[2b]">&gt;&gt;</a>&nbsp;&nbsp;&nbsp;USBD_UA3REO_DataOut
<LI><a href="#[2a]">&gt;&gt;</a>&nbsp;&nbsp;&nbsp;USBD_UA3REO_DataIn
<LI><a href="#[159]">&gt;&gt;</a>&nbsp;&nbsp;&nbsp;USBD_AUDIO_StartTransmit
<LI><a href="#[5f]">&gt;&gt;</a>&nbsp;&nbsp;&nbsp;TIM4_IRQHandler
</UL>

<P><STRONG><a name="[1ce]"></a>WM8731_RX_mode</STRONG> (Thumb, 1010 bytes, Stack size 56 bytes, lto-llvm-ea22a7.o(.text.WM8731_RX_mode))
<BR><BR>[Stack]<UL><LI>Max Depth = 196<LI>Call Chain = WM8731_RX_mode &rArr; i2c_endTransmission &rArr; i2c_shift_out &rArr; HAL_GPIO_Init
</UL>
<BR>[Calls]<UL><LI><a href="#[1cd]">&gt;&gt;</a>&nbsp;&nbsp;&nbsp;i2c_endTransmission
<LI><a href="#[188]">&gt;&gt;</a>&nbsp;&nbsp;&nbsp;HAL_GPIO_Init
</UL>
<BR>[Called By]<UL><LI><a href="#[183]">&gt;&gt;</a>&nbsp;&nbsp;&nbsp;TRX_Restart_Mode
<LI><a href="#[117]">&gt;&gt;</a>&nbsp;&nbsp;&nbsp;main
</UL>

<P><STRONG><a name="[1cb]"></a>WM8731_TXRX_mode</STRONG> (Thumb, 1610 bytes, Stack size 56 bytes, lto-llvm-ea22a7.o(.text.WM8731_TXRX_mode))
<BR><BR>[Stack]<UL><LI>Max Depth = 196<LI>Call Chain = WM8731_TXRX_mode &rArr; i2c_endTransmission &rArr; i2c_shift_out &rArr; HAL_GPIO_Init
</UL>
<BR>[Calls]<UL><LI><a href="#[1cd]">&gt;&gt;</a>&nbsp;&nbsp;&nbsp;i2c_endTransmission
<LI><a href="#[188]">&gt;&gt;</a>&nbsp;&nbsp;&nbsp;HAL_GPIO_Init
</UL>
<BR>[Called By]<UL><LI><a href="#[181]">&gt;&gt;</a>&nbsp;&nbsp;&nbsp;TRX_setMode
<LI><a href="#[183]">&gt;&gt;</a>&nbsp;&nbsp;&nbsp;TRX_Restart_Mode
</UL>

<P><STRONG><a name="[1cc]"></a>WM8731_start_i2s_and_dma</STRONG> (Thumb, 1014 bytes, Stack size 56 bytes, lto-llvm-ea22a7.o(.text.WM8731_start_i2s_and_dma))
<BR><BR>[Stack]<UL><LI>Max Depth = 60<LI>Call Chain = WM8731_start_i2s_and_dma &rArr; __aeabi_memclr4
</UL>
<BR>[Calls]<UL><LI><a href="#[15d]">&gt;&gt;</a>&nbsp;&nbsp;&nbsp;__aeabi_memclr4
<LI><a href="#[132]">&gt;&gt;</a>&nbsp;&nbsp;&nbsp;__aeabi_memclr
</UL>
<BR>[Called By]<UL><LI><a href="#[181]">&gt;&gt;</a>&nbsp;&nbsp;&nbsp;TRX_setMode
<LI><a href="#[183]">&gt;&gt;</a>&nbsp;&nbsp;&nbsp;TRX_Restart_Mode
<LI><a href="#[117]">&gt;&gt;</a>&nbsp;&nbsp;&nbsp;main
</UL>

<P><STRONG><a name="[199]"></a>addSymbols</STRONG> (Thumb, 124 bytes, Stack size 128 bytes, lto-llvm-ea22a7.o(.text.addSymbols))
<BR><BR>[Stack]<UL><LI>Max Depth = 140<LI>Call Chain = addSymbols &rArr; strcpy
</UL>
<BR>[Calls]<UL><LI><a href="#[15d]">&gt;&gt;</a>&nbsp;&nbsp;&nbsp;__aeabi_memclr4
<LI><a href="#[1b9]">&gt;&gt;</a>&nbsp;&nbsp;&nbsp;strcat
<LI><a href="#[19b]">&gt;&gt;</a>&nbsp;&nbsp;&nbsp;strlen
<LI><a href="#[182]">&gt;&gt;</a>&nbsp;&nbsp;&nbsp;strcpy
</UL>
<BR>[Called By]<UL><LI><a href="#[d6]">&gt;&gt;</a>&nbsp;&nbsp;&nbsp;SYSMENU_HANDL_SETTIME
<LI><a href="#[19a]">&gt;&gt;</a>&nbsp;&nbsp;&nbsp;LCD_displayStatusInfoBar
<LI><a href="#[197]">&gt;&gt;</a>&nbsp;&nbsp;&nbsp;LCD_displayFreqInfo
</UL>

<P><STRONG><a name="[1c2]"></a>arm_add_f32</STRONG> (Thumb, 296 bytes, Stack size 0 bytes, lto-llvm-ea22a7.o(.text.arm_add_f32))
<BR><BR>[Called By]<UL><LI><a href="#[73]">&gt;&gt;</a>&nbsp;&nbsp;&nbsp;TIM5_IRQHandler
</UL>

<P><STRONG><a name="[1b3]"></a>arm_biquad_cascade_df2T_f32</STRONG> (Thumb, 1240 bytes, Stack size 40 bytes, lto-llvm-ea22a7.o(.text.arm_biquad_cascade_df2T_f32))
<BR><BR>[Stack]<UL><LI>Max Depth = 40<LI>Call Chain = arm_biquad_cascade_df2T_f32
</UL>
<BR>[Called By]<UL><LI><a href="#[73]">&gt;&gt;</a>&nbsp;&nbsp;&nbsp;TIM5_IRQHandler
<LI><a href="#[5f]">&gt;&gt;</a>&nbsp;&nbsp;&nbsp;TIM4_IRQHandler
</UL>

<P><STRONG><a name="[1b4]"></a>arm_fir_decimate_f32</STRONG> (Thumb, 2916 bytes, Stack size 112 bytes, lto-llvm-ea22a7.o(.text.arm_fir_decimate_f32))
<BR><BR>[Stack]<UL><LI>Max Depth = 112<LI>Call Chain = arm_fir_decimate_f32
</UL>
<BR>[Called By]<UL><LI><a href="#[5f]">&gt;&gt;</a>&nbsp;&nbsp;&nbsp;TIM4_IRQHandler
</UL>

<P><STRONG><a name="[1bc]"></a>arm_fir_f32</STRONG> (Thumb, 1688 bytes, Stack size 64 bytes, lto-llvm-ea22a7.o(.text.arm_fir_f32))
<BR><BR>[Stack]<UL><LI>Max Depth = 64<LI>Call Chain = arm_fir_f32
</UL>
<BR>[Called By]<UL><LI><a href="#[73]">&gt;&gt;</a>&nbsp;&nbsp;&nbsp;TIM5_IRQHandler
</UL>

<P><STRONG><a name="[1be]"></a>arm_max_f32</STRONG> (Thumb, 914 bytes, Stack size 72 bytes, lto-llvm-ea22a7.o(.text.arm_max_f32))
<BR><BR>[Stack]<UL><LI>Max Depth = 72<LI>Call Chain = arm_max_f32
</UL>
<BR>[Called By]<UL><LI><a href="#[73]">&gt;&gt;</a>&nbsp;&nbsp;&nbsp;TIM5_IRQHandler
</UL>

<P><STRONG><a name="[1b5]"></a>arm_min_f32</STRONG> (Thumb, 814 bytes, Stack size 32 bytes, lto-llvm-ea22a7.o(.text.arm_min_f32))
<BR><BR>[Stack]<UL><LI>Max Depth = 32<LI>Call Chain = arm_min_f32
</UL>
<BR>[Called By]<UL><LI><a href="#[1c3]">&gt;&gt;</a>&nbsp;&nbsp;&nbsp;processAutoNotchReduction
<LI><a href="#[73]">&gt;&gt;</a>&nbsp;&nbsp;&nbsp;TIM5_IRQHandler
<LI><a href="#[5f]">&gt;&gt;</a>&nbsp;&nbsp;&nbsp;TIM4_IRQHandler
</UL>

<P><STRONG><a name="[1c4]"></a>arm_mult_f32</STRONG> (Thumb, 288 bytes, Stack size 0 bytes, lto-llvm-ea22a7.o(.text.arm_mult_f32))
<BR><BR>[Called By]<UL><LI><a href="#[73]">&gt;&gt;</a>&nbsp;&nbsp;&nbsp;TIM5_IRQHandler
</UL>

<P><STRONG><a name="[1b6]"></a>arm_quick_sort_core_f32</STRONG> (Thumb, 584 bytes, Stack size 32 bytes, lto-llvm-ea22a7.o(.text.arm_quick_sort_core_f32))
<BR><BR>[Stack]<UL><LI>Max Depth = 32 + In Cycle
<LI>Call Chain = arm_quick_sort_core_f32 &rArr;  arm_quick_sort_core_f32 (Cycle)
</UL>
<BR>[Calls]<UL><LI><a href="#[1b6]">&gt;&gt;</a>&nbsp;&nbsp;&nbsp;arm_quick_sort_core_f32
</UL>
<BR>[Called By]<UL><LI><a href="#[1b6]">&gt;&gt;</a>&nbsp;&nbsp;&nbsp;arm_quick_sort_core_f32
<LI><a href="#[5f]">&gt;&gt;</a>&nbsp;&nbsp;&nbsp;TIM4_IRQHandler
</UL>

<P><STRONG><a name="[163]"></a>arm_rms_f32</STRONG> (Thumb, 264 bytes, Stack size 0 bytes, lto-llvm-ea22a7.o(.text.arm_rms_f32))
<BR><BR>[Called By]<UL><LI><a href="#[162]">&gt;&gt;</a>&nbsp;&nbsp;&nbsp;DoRxAGC
<LI><a href="#[73]">&gt;&gt;</a>&nbsp;&nbsp;&nbsp;TIM5_IRQHandler
</UL>

<P><STRONG><a name="[1c1]"></a>arm_sub_f32</STRONG> (Thumb, 296 bytes, Stack size 0 bytes, lto-llvm-ea22a7.o(.text.arm_sub_f32))
<BR><BR>[Called By]<UL><LI><a href="#[73]">&gt;&gt;</a>&nbsp;&nbsp;&nbsp;TIM5_IRQHandler
</UL>

<P><STRONG><a name="[1a1]"></a>drawSystemMenuElement</STRONG> (Thumb, 532 bytes, Stack size 56 bytes, lto-llvm-ea22a7.o(.text.drawSystemMenuElement))
<BR><BR>[Stack]<UL><LI>Max Depth = 192 + Unknown Stack Size
<LI>Call Chain = drawSystemMenuElement &rArr; __2sprintf &rArr; _printf_char_common &rArr; __printf
</UL>
<BR>[Calls]<UL><LI><a href="#[121]">&gt;&gt;</a>&nbsp;&nbsp;&nbsp;__2sprintf
<LI><a href="#[195]">&gt;&gt;</a>&nbsp;&nbsp;&nbsp;LCDDriver_printText
<LI><a href="#[192]">&gt;&gt;</a>&nbsp;&nbsp;&nbsp;LCDDriver_Fill_RectXY
<LI><a href="#[176]">&gt;&gt;</a>&nbsp;&nbsp;&nbsp;__aeabi_f2d
</UL>
<BR>[Called By]<UL><LI><a href="#[1b2]">&gt;&gt;</a>&nbsp;&nbsp;&nbsp;eventSecRotateSystemMenu
<LI><a href="#[186]">&gt;&gt;</a>&nbsp;&nbsp;&nbsp;SYSMENU_drawSystemMenu
<LI><a href="#[1a0]">&gt;&gt;</a>&nbsp;&nbsp;&nbsp;LCD_doEvents
</UL>

<P><STRONG><a name="[1b2]"></a>eventSecRotateSystemMenu</STRONG> (Thumb, 1106 bytes, Stack size 48 bytes, lto-llvm-ea22a7.o(.text.eventSecRotateSystemMenu))
<BR><BR>[Stack]<UL><LI>Max Depth = 412 + Unknown Stack Size
<LI>Call Chain = eventSecRotateSystemMenu &rArr; SYSMENU_drawSystemMenu &rArr; TRX_setFrequency &rArr; TRX_setMode &rArr; WM8731_TXRX_mode &rArr; i2c_endTransmission &rArr; i2c_shift_out &rArr; HAL_GPIO_Init
</UL>
<BR>[Calls]<UL><LI><a href="#[1a1]">&gt;&gt;</a>&nbsp;&nbsp;&nbsp;drawSystemMenuElement
<LI><a href="#[186]">&gt;&gt;</a>&nbsp;&nbsp;&nbsp;SYSMENU_drawSystemMenu
<LI><a href="#[196]">&gt;&gt;</a>&nbsp;&nbsp;&nbsp;LCDDriver_drawChar
<LI><a href="#[192]">&gt;&gt;</a>&nbsp;&nbsp;&nbsp;LCDDriver_Fill_RectXY
<LI><a href="#[190]">&gt;&gt;</a>&nbsp;&nbsp;&nbsp;LCDDriver_Fill
</UL>
<BR>[Called By]<UL><LI><a href="#[5e]">&gt;&gt;</a>&nbsp;&nbsp;&nbsp;TIM3_IRQHandler
</UL>

<P><STRONG><a name="[17d]"></a>getBandFromFreq</STRONG> (Thumb, 674 bytes, Stack size 32 bytes, lto-llvm-ea22a7.o(.text.getBandFromFreq))
<BR><BR>[Stack]<UL><LI>Max Depth = 32<LI>Call Chain = getBandFromFreq
</UL>
<BR>[Called By]<UL><LI><a href="#[160]">&gt;&gt;</a>&nbsp;&nbsp;&nbsp;FFT_afterPrintFFT
<LI><a href="#[e2]">&gt;&gt;</a>&nbsp;&nbsp;&nbsp;SYSMENU_HANDL_SWR_BAND_START
<LI><a href="#[ae]">&gt;&gt;</a>&nbsp;&nbsp;&nbsp;SYSMENU_HANDL_AUDIO_FMSquelch
<LI><a href="#[9f]">&gt;&gt;</a>&nbsp;&nbsp;&nbsp;SYSMENU_HANDL_ADC_DRIVER
<LI><a href="#[9]">&gt;&gt;</a>&nbsp;&nbsp;&nbsp;FRONTPANEL_BUTTONHANDLER_PRE
<LI><a href="#[1e]">&gt;&gt;</a>&nbsp;&nbsp;&nbsp;FRONTPANEL_BUTTONHANDLER_MODE_P
<LI><a href="#[1d]">&gt;&gt;</a>&nbsp;&nbsp;&nbsp;FRONTPANEL_BUTTONHANDLER_MODE_N
<LI><a href="#[1f]">&gt;&gt;</a>&nbsp;&nbsp;&nbsp;FRONTPANEL_BUTTONHANDLER_BAND_P
<LI><a href="#[20]">&gt;&gt;</a>&nbsp;&nbsp;&nbsp;FRONTPANEL_BUTTONHANDLER_BAND_N
<LI><a href="#[b]">&gt;&gt;</a>&nbsp;&nbsp;&nbsp;FRONTPANEL_BUTTONHANDLER_ATTHOLD
<LI><a href="#[a]">&gt;&gt;</a>&nbsp;&nbsp;&nbsp;FRONTPANEL_BUTTONHANDLER_ATT
<LI><a href="#[14]">&gt;&gt;</a>&nbsp;&nbsp;&nbsp;FRONTPANEL_BUTTONHANDLER_AGC
<LI><a href="#[77]">&gt;&gt;</a>&nbsp;&nbsp;&nbsp;TIM6_DAC_IRQHandler
</UL>

<P><STRONG><a name="[1cf]"></a>getModeFromFreq</STRONG> (Thumb, 326 bytes, Stack size 16 bytes, lto-llvm-ea22a7.o(.text.getModeFromFreq))
<BR><BR>[Stack]<UL><LI>Max Depth = 16<LI>Call Chain = getModeFromFreq
</UL>
<BR>[Called By]<UL><LI><a href="#[180]">&gt;&gt;</a>&nbsp;&nbsp;&nbsp;TRX_setFrequency
<LI><a href="#[117]">&gt;&gt;</a>&nbsp;&nbsp;&nbsp;main
</UL>

<P><STRONG><a name="[1cd]"></a>i2c_endTransmission</STRONG> (Thumb, 272 bytes, Stack size 40 bytes, lto-llvm-ea22a7.o(.text.i2c_endTransmission))
<BR><BR>[Stack]<UL><LI>Max Depth = 140<LI>Call Chain = i2c_endTransmission &rArr; i2c_shift_out &rArr; HAL_GPIO_Init
</UL>
<BR>[Calls]<UL><LI><a href="#[1d5]">&gt;&gt;</a>&nbsp;&nbsp;&nbsp;i2c_shift_out
<LI><a href="#[1d6]">&gt;&gt;</a>&nbsp;&nbsp;&nbsp;i2c_get_ack
<LI><a href="#[188]">&gt;&gt;</a>&nbsp;&nbsp;&nbsp;HAL_GPIO_Init
</UL>
<BR>[Called By]<UL><LI><a href="#[1cb]">&gt;&gt;</a>&nbsp;&nbsp;&nbsp;WM8731_TXRX_mode
<LI><a href="#[1ce]">&gt;&gt;</a>&nbsp;&nbsp;&nbsp;WM8731_RX_mode
<LI><a href="#[183]">&gt;&gt;</a>&nbsp;&nbsp;&nbsp;TRX_Restart_Mode
<LI><a href="#[117]">&gt;&gt;</a>&nbsp;&nbsp;&nbsp;main
</UL>

<P><STRONG><a name="[1d6]"></a>i2c_get_ack</STRONG> (Thumb, 260 bytes, Stack size 32 bytes, lto-llvm-ea22a7.o(.text.i2c_get_ack))
<BR><BR>[Stack]<UL><LI>Max Depth = 76<LI>Call Chain = i2c_get_ack &rArr; HAL_GPIO_Init
</UL>
<BR>[Calls]<UL><LI><a href="#[188]">&gt;&gt;</a>&nbsp;&nbsp;&nbsp;HAL_GPIO_Init
</UL>
<BR>[Called By]<UL><LI><a href="#[1cd]">&gt;&gt;</a>&nbsp;&nbsp;&nbsp;i2c_endTransmission
</UL>

<P><STRONG><a name="[1d5]"></a>i2c_shift_out</STRONG> (Thumb, 158 bytes, Stack size 56 bytes, lto-llvm-ea22a7.o(.text.i2c_shift_out))
<BR><BR>[Stack]<UL><LI>Max Depth = 100<LI>Call Chain = i2c_shift_out &rArr; HAL_GPIO_Init
</UL>
<BR>[Calls]<UL><LI><a href="#[188]">&gt;&gt;</a>&nbsp;&nbsp;&nbsp;HAL_GPIO_Init
</UL>
<BR>[Called By]<UL><LI><a href="#[1cd]">&gt;&gt;</a>&nbsp;&nbsp;&nbsp;i2c_endTransmission
</UL>

<P><STRONG><a name="[1c3]"></a>processAutoNotchReduction</STRONG> (Thumb, 1676 bytes, Stack size 64 bytes, lto-llvm-ea22a7.o(.text.processAutoNotchReduction))
<BR><BR>[Stack]<UL><LI>Max Depth = 96<LI>Call Chain = processAutoNotchReduction &rArr; arm_min_f32
</UL>
<BR>[Calls]<UL><LI><a href="#[15d]">&gt;&gt;</a>&nbsp;&nbsp;&nbsp;__aeabi_memclr4
<LI><a href="#[155]">&gt;&gt;</a>&nbsp;&nbsp;&nbsp;__aeabi_memcpy4
<LI><a href="#[1b5]">&gt;&gt;</a>&nbsp;&nbsp;&nbsp;arm_min_f32
</UL>
<BR>[Called By]<UL><LI><a href="#[73]">&gt;&gt;</a>&nbsp;&nbsp;&nbsp;TIM5_IRQHandler
</UL>

<P><STRONG><a name="[1bb]"></a>readFromCircleBuffer32</STRONG> (Thumb, 326 bytes, Stack size 24 bytes, lto-llvm-ea22a7.o(.text.readFromCircleBuffer32))
<BR><BR>[Stack]<UL><LI>Max Depth = 52<LI>Call Chain = readFromCircleBuffer32 &rArr; HAL_DMA_PollForTransfer
</UL>
<BR>[Calls]<UL><LI><a href="#[191]">&gt;&gt;</a>&nbsp;&nbsp;&nbsp;HAL_DMA_PollForTransfer
</UL>
<BR>[Called By]<UL><LI><a href="#[73]">&gt;&gt;</a>&nbsp;&nbsp;&nbsp;TIM5_IRQHandler
</UL>

<P><STRONG><a name="[1c7]"></a>sendToDebug_float32</STRONG> (Thumb, 224 bytes, Stack size 104 bytes, lto-llvm-ea22a7.o(.text.sendToDebug_float32))
<BR><BR>[Stack]<UL><LI>Max Depth = 240 + Unknown Stack Size
<LI>Call Chain = sendToDebug_float32 &rArr; __2sprintf &rArr; _printf_char_common &rArr; __printf
</UL>
<BR>[Calls]<UL><LI><a href="#[121]">&gt;&gt;</a>&nbsp;&nbsp;&nbsp;__2sprintf
<LI><a href="#[15d]">&gt;&gt;</a>&nbsp;&nbsp;&nbsp;__aeabi_memclr4
<LI><a href="#[19b]">&gt;&gt;</a>&nbsp;&nbsp;&nbsp;strlen
<LI><a href="#[15a]">&gt;&gt;</a>&nbsp;&nbsp;&nbsp;DEBUG_Transmit_FIFO_Events
<LI><a href="#[176]">&gt;&gt;</a>&nbsp;&nbsp;&nbsp;__aeabi_f2d
</UL>
<BR>[Called By]<UL><LI><a href="#[77]">&gt;&gt;</a>&nbsp;&nbsp;&nbsp;TIM6_DAC_IRQHandler
</UL>

<P><STRONG><a name="[1c8]"></a>sendToDebug_int16</STRONG> (Thumb, 202 bytes, Stack size 88 bytes, lto-llvm-ea22a7.o(.text.sendToDebug_int16))
<BR><BR>[Stack]<UL><LI>Max Depth = 224 + Unknown Stack Size
<LI>Call Chain = sendToDebug_int16 &rArr; __2sprintf &rArr; _printf_char_common &rArr; __printf
</UL>
<BR>[Calls]<UL><LI><a href="#[121]">&gt;&gt;</a>&nbsp;&nbsp;&nbsp;__2sprintf
<LI><a href="#[15d]">&gt;&gt;</a>&nbsp;&nbsp;&nbsp;__aeabi_memclr4
<LI><a href="#[19b]">&gt;&gt;</a>&nbsp;&nbsp;&nbsp;strlen
<LI><a href="#[15a]">&gt;&gt;</a>&nbsp;&nbsp;&nbsp;DEBUG_Transmit_FIFO_Events
</UL>
<BR>[Called By]<UL><LI><a href="#[77]">&gt;&gt;</a>&nbsp;&nbsp;&nbsp;TIM6_DAC_IRQHandler
</UL>

<P><STRONG><a name="[1b8]"></a>sendToDebug_str3</STRONG> (Thumb, 438 bytes, Stack size 40 bytes, lto-llvm-ea22a7.o(.text.sendToDebug_str3))
<BR><BR>[Stack]<UL><LI>Max Depth = 96<LI>Call Chain = sendToDebug_str3 &rArr; DEBUG_Transmit_FIFO_Events &rArr; USB_EPStartXfer
</UL>
<BR>[Calls]<UL><LI><a href="#[19b]">&gt;&gt;</a>&nbsp;&nbsp;&nbsp;strlen
<LI><a href="#[15a]">&gt;&gt;</a>&nbsp;&nbsp;&nbsp;DEBUG_Transmit_FIFO_Events
</UL>
<BR>[Called By]<UL><LI><a href="#[1ba]">&gt;&gt;</a>&nbsp;&nbsp;&nbsp;setFT450Mode
<LI><a href="#[5f]">&gt;&gt;</a>&nbsp;&nbsp;&nbsp;TIM4_IRQHandler
</UL>

<P><STRONG><a name="[168]"></a>sendToDebug_strln</STRONG> (Thumb, 234 bytes, Stack size 40 bytes, lto-llvm-ea22a7.o(.text.sendToDebug_strln))
<BR><BR>[Stack]<UL><LI>Max Depth = 96<LI>Call Chain = sendToDebug_strln &rArr; DEBUG_Transmit_FIFO_Events &rArr; USB_EPStartXfer
</UL>
<BR>[Calls]<UL><LI><a href="#[19b]">&gt;&gt;</a>&nbsp;&nbsp;&nbsp;strlen
<LI><a href="#[15a]">&gt;&gt;</a>&nbsp;&nbsp;&nbsp;DEBUG_Transmit_FIFO_Events
</UL>
<BR>[Called By]<UL><LI><a href="#[16a]">&gt;&gt;</a>&nbsp;&nbsp;&nbsp;EEPROM_WaitWrite
<LI><a href="#[166]">&gt;&gt;</a>&nbsp;&nbsp;&nbsp;EEPROM_Read_Data
<LI><a href="#[1b0]">&gt;&gt;</a>&nbsp;&nbsp;&nbsp;SaveSettingsToEEPROM
<LI><a href="#[1a4]">&gt;&gt;</a>&nbsp;&nbsp;&nbsp;SaveCalibration
<LI><a href="#[1a7]">&gt;&gt;</a>&nbsp;&nbsp;&nbsp;ReinitAudioFilters
<LI><a href="#[1a3]">&gt;&gt;</a>&nbsp;&nbsp;&nbsp;LoadCalibration
<LI><a href="#[117]">&gt;&gt;</a>&nbsp;&nbsp;&nbsp;main
<LI><a href="#[77]">&gt;&gt;</a>&nbsp;&nbsp;&nbsp;TIM6_DAC_IRQHandler
</UL>

<P><STRONG><a name="[1a8]"></a>sendToDebug_uint16</STRONG> (Thumb, 186 bytes, Stack size 88 bytes, lto-llvm-ea22a7.o(.text.sendToDebug_uint16))
<BR><BR>[Stack]<UL><LI>Max Depth = 224 + Unknown Stack Size
<LI>Call Chain = sendToDebug_uint16 &rArr; __2sprintf &rArr; _printf_char_common &rArr; __printf
</UL>
<BR>[Calls]<UL><LI><a href="#[121]">&gt;&gt;</a>&nbsp;&nbsp;&nbsp;__2sprintf
<LI><a href="#[15d]">&gt;&gt;</a>&nbsp;&nbsp;&nbsp;__aeabi_memclr4
<LI><a href="#[19b]">&gt;&gt;</a>&nbsp;&nbsp;&nbsp;strlen
<LI><a href="#[15a]">&gt;&gt;</a>&nbsp;&nbsp;&nbsp;DEBUG_Transmit_FIFO_Events
</UL>
<BR>[Called By]<UL><LI><a href="#[1a7]">&gt;&gt;</a>&nbsp;&nbsp;&nbsp;ReinitAudioFilters
</UL>

<P><STRONG><a name="[1c6]"></a>sendToDebug_uint32</STRONG> (Thumb, 200 bytes, Stack size 88 bytes, lto-llvm-ea22a7.o(.text.sendToDebug_uint32))
<BR><BR>[Stack]<UL><LI>Max Depth = 224 + Unknown Stack Size
<LI>Call Chain = sendToDebug_uint32 &rArr; __2sprintf &rArr; _printf_char_common &rArr; __printf
</UL>
<BR>[Calls]<UL><LI><a href="#[121]">&gt;&gt;</a>&nbsp;&nbsp;&nbsp;__2sprintf
<LI><a href="#[15d]">&gt;&gt;</a>&nbsp;&nbsp;&nbsp;__aeabi_memclr4
<LI><a href="#[19b]">&gt;&gt;</a>&nbsp;&nbsp;&nbsp;strlen
<LI><a href="#[15a]">&gt;&gt;</a>&nbsp;&nbsp;&nbsp;DEBUG_Transmit_FIFO_Events
</UL>
<BR>[Called By]<UL><LI><a href="#[77]">&gt;&gt;</a>&nbsp;&nbsp;&nbsp;TIM6_DAC_IRQHandler
</UL>

<P><STRONG><a name="[169]"></a>sendToDebug_uint8</STRONG> (Thumb, 202 bytes, Stack size 88 bytes, lto-llvm-ea22a7.o(.text.sendToDebug_uint8))
<BR><BR>[Stack]<UL><LI>Max Depth = 224 + Unknown Stack Size
<LI>Call Chain = sendToDebug_uint8 &rArr; __2sprintf &rArr; _printf_char_common &rArr; __printf
</UL>
<BR>[Calls]<UL><LI><a href="#[121]">&gt;&gt;</a>&nbsp;&nbsp;&nbsp;__2sprintf
<LI><a href="#[15d]">&gt;&gt;</a>&nbsp;&nbsp;&nbsp;__aeabi_memclr4
<LI><a href="#[19b]">&gt;&gt;</a>&nbsp;&nbsp;&nbsp;strlen
<LI><a href="#[15a]">&gt;&gt;</a>&nbsp;&nbsp;&nbsp;DEBUG_Transmit_FIFO_Events
</UL>
<BR>[Called By]<UL><LI><a href="#[166]">&gt;&gt;</a>&nbsp;&nbsp;&nbsp;EEPROM_Read_Data
<LI><a href="#[1a3]">&gt;&gt;</a>&nbsp;&nbsp;&nbsp;LoadCalibration
<LI><a href="#[77]">&gt;&gt;</a>&nbsp;&nbsp;&nbsp;TIM6_DAC_IRQHandler
</UL>

<P><STRONG><a name="[1ba]"></a>setFT450Mode</STRONG> (Thumb, 188 bytes, Stack size 8 bytes, lto-llvm-ea22a7.o(.text.setFT450Mode))
<BR><BR>[Stack]<UL><LI>Max Depth = 104<LI>Call Chain = setFT450Mode &rArr; sendToDebug_str3 &rArr; DEBUG_Transmit_FIFO_Events &rArr; USB_EPStartXfer
</UL>
<BR>[Calls]<UL><LI><a href="#[1de]">&gt;&gt;</a>&nbsp;&nbsp;&nbsp;strcmp
<LI><a href="#[1b8]">&gt;&gt;</a>&nbsp;&nbsp;&nbsp;sendToDebug_str3
</UL>
<BR>[Called By]<UL><LI><a href="#[5f]">&gt;&gt;</a>&nbsp;&nbsp;&nbsp;TIM4_IRQHandler
</UL>
<P>
<H3>
Undefined Global Symbols
</H3><HR></body></html>
