------------------------------------------------------------
Timing Analyzer Summary
------------------------------------------------------------

Type  : Slow 1200mV 85C Model Setup 'TX_PLL|altpll_component|auto_generated|pll1|clk[0]'
Slack : -4.404
TNS   : -388.058

Type  : Slow 1200mV 85C Model Setup 'clk_sys'
Slack : 1.814
TNS   : 0.000

Type  : Slow 1200mV 85C Model Setup 'clock_stm32'
Slack : 30.027
TNS   : 0.000

Type  : Slow 1200mV 85C Model Setup 'altera_reserved_tck'
Slack : 45.160
TNS   : 0.000

Type  : Slow 1200mV 85C Model Hold 'TX_PLL|altpll_component|auto_generated|pll1|clk[0]'
Slack : 0.400
TNS   : 0.000

Type  : Slow 1200mV 85C Model Hold 'clk_sys'
Slack : 0.401
TNS   : 0.000

Type  : Slow 1200mV 85C Model Hold 'altera_reserved_tck'
Slack : 0.452
TNS   : 0.000

Type  : Slow 1200mV 85C Model Hold 'clock_stm32'
Slack : 0.485
TNS   : 0.000

Type  : Slow 1200mV 85C Model Recovery 'clk_sys'
Slack : 3.227
TNS   : 0.000

Type  : Slow 1200mV 85C Model Recovery 'altera_reserved_tck'
Slack : 96.012
TNS   : 0.000

Type  : Slow 1200mV 85C Model Removal 'altera_reserved_tck'
Slack : 1.284
TNS   : 0.000

Type  : Slow 1200mV 85C Model Removal 'clk_sys'
Slack : 11.143
TNS   : 0.000

Type  : Slow 1200mV 85C Model Minimum Pulse Width 'TX_PLL|altpll_component|auto_generated|pll1|clk[0]'
Slack : 1.218
TNS   : 0.000

Type  : Slow 1200mV 85C Model Minimum Pulse Width 'clk_sys'
Slack : 7.177
TNS   : 0.000

Type  : Slow 1200mV 85C Model Minimum Pulse Width 'clock_stm32'
Slack : 19.682
TNS   : 0.000

Type  : Slow 1200mV 85C Model Minimum Pulse Width 'altera_reserved_tck'
Slack : 49.522
TNS   : 0.000

Type  : Slow 1200mV 0C Model Setup 'TX_PLL|altpll_component|auto_generated|pll1|clk[0]'
Slack : -3.496
TNS   : -159.849

Type  : Slow 1200mV 0C Model Setup 'clk_sys'
Slack : 2.102
TNS   : 0.000

Type  : Slow 1200mV 0C Model Setup 'clock_stm32'
Slack : 30.878
TNS   : 0.000

Type  : Slow 1200mV 0C Model Setup 'altera_reserved_tck'
Slack : 45.544
TNS   : 0.000

Type  : Slow 1200mV 0C Model Hold 'clk_sys'
Slack : 0.384
TNS   : 0.000

Type  : Slow 1200mV 0C Model Hold 'TX_PLL|altpll_component|auto_generated|pll1|clk[0]'
Slack : 0.385
TNS   : 0.000

Type  : Slow 1200mV 0C Model Hold 'altera_reserved_tck'
Slack : 0.400
TNS   : 0.000

Type  : Slow 1200mV 0C Model Hold 'clock_stm32'
Slack : 0.430
TNS   : 0.000

Type  : Slow 1200mV 0C Model Recovery 'clk_sys'
Slack : 3.572
TNS   : 0.000

Type  : Slow 1200mV 0C Model Recovery 'altera_reserved_tck'
Slack : 96.290
TNS   : 0.000

Type  : Slow 1200mV 0C Model Removal 'altera_reserved_tck'
Slack : 1.188
TNS   : 0.000

Type  : Slow 1200mV 0C Model Removal 'clk_sys'
Slack : 10.797
TNS   : 0.000

Type  : Slow 1200mV 0C Model Minimum Pulse Width 'TX_PLL|altpll_component|auto_generated|pll1|clk[0]'
Slack : 1.218
TNS   : 0.000

Type  : Slow 1200mV 0C Model Minimum Pulse Width 'clk_sys'
Slack : 7.200
TNS   : 0.000

Type  : Slow 1200mV 0C Model Minimum Pulse Width 'clock_stm32'
Slack : 19.595
TNS   : 0.000

Type  : Slow 1200mV 0C Model Minimum Pulse Width 'altera_reserved_tck'
Slack : 49.402
TNS   : 0.000

Type  : Fast 1200mV 0C Model Setup 'TX_PLL|altpll_component|auto_generated|pll1|clk[0]'
Slack : 1.395
TNS   : 0.000

Type  : Fast 1200mV 0C Model Setup 'clk_sys'
Slack : 4.454
TNS   : 0.000

Type  : Fast 1200mV 0C Model Setup 'clock_stm32'
Slack : 34.929
TNS   : 0.000

Type  : Fast 1200mV 0C Model Setup 'altera_reserved_tck'
Slack : 48.082
TNS   : 0.000

Type  : Fast 1200mV 0C Model Hold 'clk_sys'
Slack : 0.135
TNS   : 0.000

Type  : Fast 1200mV 0C Model Hold 'TX_PLL|altpll_component|auto_generated|pll1|clk[0]'
Slack : 0.141
TNS   : 0.000

Type  : Fast 1200mV 0C Model Hold 'altera_reserved_tck'
Slack : 0.186
TNS   : 0.000

Type  : Fast 1200mV 0C Model Hold 'clock_stm32'
Slack : 0.201
TNS   : 0.000

Type  : Fast 1200mV 0C Model Recovery 'clk_sys'
Slack : 5.163
TNS   : 0.000

Type  : Fast 1200mV 0C Model Recovery 'altera_reserved_tck'
Slack : 98.256
TNS   : 0.000

Type  : Fast 1200mV 0C Model Removal 'altera_reserved_tck'
Slack : 0.545
TNS   : 0.000

Type  : Fast 1200mV 0C Model Removal 'clk_sys'
Slack : 9.779
TNS   : 0.000

Type  : Fast 1200mV 0C Model Minimum Pulse Width 'TX_PLL|altpll_component|auto_generated|pll1|clk[0]'
Slack : 2.841
TNS   : 0.000

Type  : Fast 1200mV 0C Model Minimum Pulse Width 'clk_sys'
Slack : 6.972
TNS   : 0.000

Type  : Fast 1200mV 0C Model Minimum Pulse Width 'clock_stm32'
Slack : 19.142
TNS   : 0.000

Type  : Fast 1200mV 0C Model Minimum Pulse Width 'altera_reserved_tck'
Slack : 49.471
TNS   : 0.000

------------------------------------------------------------
