Flow report for WOLF-LITE
Thu Jan 07 18:22:32 2021
Quartus Prime Version 18.1.0 Build 625 09/12/2018 SJ Standard Edition


---------------------
; Table of Contents ;
---------------------
  1. Legal Notice
  2. Flow Summary
  3. Flow Settings
  4. Flow Non-Default Global Settings
  5. Flow Elapsed Time
  6. Flow OS Summary
  7. Flow Log
  8. Flow Messages
  9. Flow Suppressed Messages



----------------
; Legal Notice ;
----------------
Copyright (C) 2018  Intel Corporation. All rights reserved.
Your use of Intel Corporation's design tools, logic functions 
and other software and tools, and its AMPP partner logic 
functions, and any output files from any of the foregoing 
(including device programming or simulation files), and any 
associated documentation or information are expressly subject 
to the terms and conditions of the Intel Program License 
Subscription Agreement, the Intel Quartus Prime License Agreement,
the Intel FPGA IP License Agreement, or other applicable license
agreement, including, without limitation, that your use is for
the sole purpose of programming logic devices manufactured by
Intel and sold by Intel or its authorized distributors.  Please
refer to the applicable agreement for further details.



+--------------------------------------------------------------------------------------+
; Flow Summary                                                                         ;
+------------------------------------+-------------------------------------------------+
; Flow Status                        ; Successful - Thu Jan 07 18:22:22 2021           ;
; Quartus Prime Version              ; 18.1.0 Build 625 09/12/2018 SJ Standard Edition ;
; Revision Name                      ; WOLF-LITE                                       ;
; Top-level Entity Name              ; WOLF-LITE                                       ;
; Family                             ; Cyclone IV E                                    ;
; Device                             ; EP4CE10E22C8                                    ;
; Timing Models                      ; Final                                           ;
; Total logic elements               ; 9,774 / 10,320 ( 95 % )                         ;
;     Total combinational functions  ; 7,373 / 10,320 ( 71 % )                         ;
;     Dedicated logic registers      ; 7,487 / 10,320 ( 73 % )                         ;
; Total registers                    ; 7487                                            ;
; Total pins                         ; 61 / 92 ( 66 % )                                ;
; Total virtual pins                 ; 0                                               ;
; Total memory bits                  ; 183,280 / 423,936 ( 43 % )                      ;
; Embedded Multiplier 9-bit elements ; 32 / 46 ( 70 % )                                ;
; Total PLLs                         ; 2 / 2 ( 100 % )                                 ;
+------------------------------------+-------------------------------------------------+


+-----------------------------------------+
; Flow Settings                           ;
+-------------------+---------------------+
; Option            ; Setting             ;
+-------------------+---------------------+
; Start date & time ; 01/07/2021 00:35:09 ;
; Main task         ; Compilation         ;
; Revision Name     ; WOLF-LITE           ;
+-------------------+---------------------+


+-------------------------------------------------------------------------------------------------------------------------------------------------------------------------------------------+
; Flow Non-Default Global Settings                                                                                                                                                          ;
+--------------------------------------------------------+----------------------------------------------------------------+--------------------------------------+-------------+------------+
; Assignment Name                                        ; Value                                                          ; Default Value                        ; Entity Name ; Section Id ;
+--------------------------------------------------------+----------------------------------------------------------------+--------------------------------------+-------------+------------+
; ADV_NETLIST_OPT_SYNTH_WYSIWYG_REMAP                    ; On                                                             ; Off                                  ; --          ; --         ;
; ALLOW_REGISTER_RETIMING                                ; Off                                                            ; On                                   ; --          ; --         ;
; AUTO_RAM_TO_LCELL_CONVERSION                           ; On                                                             ; Off                                  ; --          ; --         ;
; COMPILER_SIGNATURE_ID                                  ; 1095501251834.160996890908644                                  ; --                                   ; --          ; --         ;
; CYCLONEII_OPTIMIZATION_TECHNIQUE                       ; Speed                                                          ; Balanced                             ; --          ; --         ;
; ENABLE_LOGIC_ANALYZER_INTERFACE                        ; Off                                                            ; --                                   ; --          ; --         ;
; ENABLE_SIGNALTAP                                       ; Off                                                            ; --                                   ; --          ; --         ;
; FITTER_EFFORT                                          ; Standard Fit                                                   ; Auto Fit                             ; --          ; --         ;
; FLOW_ENABLE_IO_ASSIGNMENT_ANALYSIS                     ; On                                                             ; Off                                  ; --          ; --         ;
; FLOW_ENABLE_POWER_ANALYZER                             ; On                                                             ; Off                                  ; --          ; --         ;
; MAX_CORE_JUNCTION_TEMP                                 ; 85                                                             ; --                                   ; --          ; --         ;
; MIN_CORE_JUNCTION_TEMP                                 ; 0                                                              ; --                                   ; --          ; --         ;
; MISC_FILE                                              ; mixer.bsf                                                      ; --                                   ; --          ; --         ;
; MISC_FILE                                              ; mux16.bsf                                                      ; --                                   ; --          ; --         ;
; MISC_FILE                                              ; MAIN_PLL.bsf                                                   ; --                                   ; --          ; --         ;
; MISC_FILE                                              ; MAIN_PLL.ppf                                                   ; --                                   ; --          ; --         ;
; MISC_FILE                                              ; mux14.bsf                                                      ; --                                   ; --          ; --         ;
; MISC_FILE                                              ; mux1.bsf                                                       ; --                                   ; --          ; --         ;
; MISC_FILE                                              ; tx_mixer.bsf                                                   ; --                                   ; --          ; --         ;
; MISC_FILE                                              ; tx_summator.bsf                                                ; --                                   ; --          ; --         ;
; MISC_FILE                                              ; ADC_Latch.bsf                                                  ; --                                   ; --          ; --         ;
; MISC_FILE                                              ; dac_null.bsf                                                   ; --                                   ; --          ; --         ;
; MISC_FILE                                              ; rx_ciccomp.cmp                                                 ; --                                   ; --          ; --         ;
; MISC_FILE                                              ; rx_ciccomp_sim/dspba_library_package.vhd                       ; --                                   ; --          ; --         ;
; MISC_FILE                                              ; rx_ciccomp_sim/dspba_library.vhd                               ; --                                   ; --          ; --         ;
; MISC_FILE                                              ; rx_ciccomp_sim/auk_dspip_math_pkg_hpfir.vhd                    ; --                                   ; --          ; --         ;
; MISC_FILE                                              ; rx_ciccomp_sim/auk_dspip_lib_pkg_hpfir.vhd                     ; --                                   ; --          ; --         ;
; MISC_FILE                                              ; rx_ciccomp_sim/auk_dspip_avalon_streaming_controller_hpfir.vhd ; --                                   ; --          ; --         ;
; MISC_FILE                                              ; rx_ciccomp_sim/auk_dspip_avalon_streaming_sink_hpfir.vhd       ; --                                   ; --          ; --         ;
; MISC_FILE                                              ; rx_ciccomp_sim/auk_dspip_avalon_streaming_source_hpfir.vhd     ; --                                   ; --          ; --         ;
; MISC_FILE                                              ; rx_ciccomp_sim/auk_dspip_roundsat_hpfir.vhd                    ; --                                   ; --          ; --         ;
; MISC_FILE                                              ; rx_ciccomp_sim/altera_avalon_sc_fifo.v                         ; --                                   ; --          ; --         ;
; MISC_FILE                                              ; rx_ciccomp_sim/rx_ciccomp_rtl_core.vhd                         ; --                                   ; --          ; --         ;
; MISC_FILE                                              ; rx_ciccomp_sim/rx_ciccomp_ast.vhd                              ; --                                   ; --          ; --         ;
; MISC_FILE                                              ; rx_ciccomp_sim/rx_ciccomp.vhd                                  ; --                                   ; --          ; --         ;
; MISC_FILE                                              ; rx_ciccomp_sim/rx_ciccomp_nativelink.tcl                       ; --                                   ; --          ; --         ;
; MISC_FILE                                              ; rx_ciccomp_sim/rx_ciccomp_msim.tcl                             ; --                                   ; --          ; --         ;
; MISC_FILE                                              ; rx_ciccomp_sim/rx_ciccomp_tb.vhd                               ; --                                   ; --          ; --         ;
; MISC_FILE                                              ; rx_ciccomp_sim/rx_ciccomp_mlab.m                               ; --                                   ; --          ; --         ;
; MISC_FILE                                              ; rx_ciccomp_sim/rx_ciccomp_model.m                              ; --                                   ; --          ; --         ;
; MISC_FILE                                              ; rx_ciccomp_sim/rx_ciccomp_coef_int.txt                         ; --                                   ; --          ; --         ;
; MISC_FILE                                              ; rx_ciccomp_sim/rx_ciccomp_input.txt                            ; --                                   ; --          ; --         ;
; MISC_FILE                                              ; rx_ciccomp_sim/rx_ciccomp_param.txt                            ; --                                   ; --          ; --         ;
; MISC_FILE                                              ; tx_ciccomp.cmp                                                 ; --                                   ; --          ; --         ;
; MISC_FILE                                              ; tx_ciccomp_sim/dspba_library_package.vhd                       ; --                                   ; --          ; --         ;
; MISC_FILE                                              ; tx_ciccomp_sim/dspba_library.vhd                               ; --                                   ; --          ; --         ;
; MISC_FILE                                              ; tx_ciccomp_sim/auk_dspip_math_pkg_hpfir.vhd                    ; --                                   ; --          ; --         ;
; MISC_FILE                                              ; tx_ciccomp_sim/auk_dspip_lib_pkg_hpfir.vhd                     ; --                                   ; --          ; --         ;
; MISC_FILE                                              ; tx_ciccomp_sim/auk_dspip_avalon_streaming_controller_hpfir.vhd ; --                                   ; --          ; --         ;
; MISC_FILE                                              ; tx_ciccomp_sim/auk_dspip_avalon_streaming_sink_hpfir.vhd       ; --                                   ; --          ; --         ;
; MISC_FILE                                              ; tx_ciccomp_sim/auk_dspip_avalon_streaming_source_hpfir.vhd     ; --                                   ; --          ; --         ;
; MISC_FILE                                              ; tx_ciccomp_sim/auk_dspip_roundsat_hpfir.vhd                    ; --                                   ; --          ; --         ;
; MISC_FILE                                              ; tx_ciccomp_sim/altera_avalon_sc_fifo.v                         ; --                                   ; --          ; --         ;
; MISC_FILE                                              ; tx_ciccomp_sim/tx_ciccomp_rtl_core.vhd                         ; --                                   ; --          ; --         ;
; MISC_FILE                                              ; tx_ciccomp_sim/tx_ciccomp_ast.vhd                              ; --                                   ; --          ; --         ;
; MISC_FILE                                              ; tx_ciccomp_sim/tx_ciccomp.vhd                                  ; --                                   ; --          ; --         ;
; MISC_FILE                                              ; tx_ciccomp_sim/tx_ciccomp_nativelink.tcl                       ; --                                   ; --          ; --         ;
; MISC_FILE                                              ; tx_ciccomp_sim/tx_ciccomp_msim.tcl                             ; --                                   ; --          ; --         ;
; MISC_FILE                                              ; tx_ciccomp_sim/tx_ciccomp_tb.vhd                               ; --                                   ; --          ; --         ;
; MISC_FILE                                              ; tx_ciccomp_sim/tx_ciccomp_mlab.m                               ; --                                   ; --          ; --         ;
; MISC_FILE                                              ; tx_ciccomp_sim/tx_ciccomp_model.m                              ; --                                   ; --          ; --         ;
; MISC_FILE                                              ; tx_ciccomp_sim/tx_ciccomp_coef_int.txt                         ; --                                   ; --          ; --         ;
; MISC_FILE                                              ; tx_ciccomp_sim/tx_ciccomp_input.txt                            ; --                                   ; --          ; --         ;
; MISC_FILE                                              ; tx_ciccomp_sim/tx_ciccomp_param.txt                            ; --                                   ; --          ; --         ;
; MISC_FILE                                              ; diffclock_buff.bsf                                             ; --                                   ; --          ; --         ;
; MISC_FILE                                              ; dcdc_pll.bsf                                                   ; --                                   ; --          ; --         ;
; MISC_FILE                                              ; dcdc_pll.ppf                                                   ; --                                   ; --          ; --         ;
; MISC_FILE                                              ; tx_pll.bsf                                                     ; --                                   ; --          ; --         ;
; MISC_FILE                                              ; tx_pll.ppf                                                     ; --                                   ; --          ; --         ;
; MUX_RESTRUCTURE                                        ; Off                                                            ; Auto                                 ; --          ; --         ;
; NUM_PARALLEL_PROCESSORS                                ; All                                                            ; --                                   ; --          ; --         ;
; OCP_HW_EVAL                                            ; Disable                                                        ; Enable                               ; --          ; --         ;
; OPTIMIZATION_MODE                                      ; Aggressive Performance                                         ; Balanced                             ; --          ; --         ;
; OPTIMIZE_SSN                                           ; Normal compilation                                             ; Off                                  ; --          ; --         ;
; OUTPUT_IO_TIMING_FAR_END_VMEAS                         ; Half Signal Swing                                              ; --                                   ; --          ; --         ;
; OUTPUT_IO_TIMING_FAR_END_VMEAS                         ; Half Signal Swing                                              ; --                                   ; --          ; --         ;
; OUTPUT_IO_TIMING_NEAR_END_VMEAS                        ; Half Vccio                                                     ; --                                   ; --          ; --         ;
; OUTPUT_IO_TIMING_NEAR_END_VMEAS                        ; Half Vccio                                                     ; --                                   ; --          ; --         ;
; PARTITION_COLOR                                        ; -- (Not supported for targeted family)                         ; --                                   ; --          ; Top        ;
; PARTITION_FITTER_PRESERVATION_LEVEL                    ; -- (Not supported for targeted family)                         ; --                                   ; --          ; Top        ;
; PARTITION_NETLIST_TYPE                                 ; -- (Not supported for targeted family)                         ; --                                   ; --          ; Top        ;
; PHYSICAL_SYNTHESIS_ASYNCHRONOUS_SIGNAL_PIPELINING      ; On                                                             ; Off                                  ; --          ; --         ;
; PHYSICAL_SYNTHESIS_COMBO_LOGIC                         ; On                                                             ; Off                                  ; --          ; --         ;
; PHYSICAL_SYNTHESIS_MAP_LOGIC_TO_MEMORY_FOR_AREA        ; On                                                             ; Off                                  ; --          ; --         ;
; PHYSICAL_SYNTHESIS_REGISTER_DUPLICATION                ; On                                                             ; Off                                  ; --          ; --         ;
; PLACEMENT_EFFORT_MULTIPLIER                            ; 4.0                                                            ; 1.0                                  ; --          ; --         ;
; POST_FLOW_SCRIPT_FILE                                  ; quartus_sh:auto_convert.tcl                                    ; --                                   ; --          ; --         ;
; POWER_BOARD_THERMAL_MODEL                              ; None (CONSERVATIVE)                                            ; --                                   ; --          ; --         ;
; POWER_DEFAULT_INPUT_IO_TOGGLE_RATE                     ; 80 %                                                           ; 12.5%                                ; --          ; --         ;
; POWER_OUTPUT_SAF_NAME                                  ; output_files/signal_activity.saf                               ; --                                   ; --          ; --         ;
; POWER_PRESET_COOLING_SOLUTION                          ; No Heat Sink With Still Air                                    ; --                                   ; --          ; --         ;
; POWER_REPORT_POWER_DISSIPATION                         ; On                                                             ; Off                                  ; --          ; --         ;
; POWER_REPORT_SIGNAL_ACTIVITY                           ; On                                                             ; Off                                  ; --          ; --         ;
; POWER_USE_DEVICE_CHARACTERISTICS                       ; MAXIMUM                                                        ; TYPICAL                              ; --          ; --         ;
; PRE_MAPPING_RESYNTHESIS                                ; On                                                             ; Off                                  ; --          ; --         ;
; PROJECT_IP_REGENERATION_POLICY                         ; ALWAYS_REGENERATE_IP                                           ; SKIP_REGENERATING_IP_IF_HDL_MODIFIED ; --          ; --         ;
; PROJECT_OUTPUT_DIRECTORY                               ; output_files                                                   ; --                                   ; --          ; --         ;
; QII_AUTO_PACKED_REGISTERS                              ; Normal                                                         ; Auto                                 ; --          ; --         ;
; ROUTER_CLOCKING_TOPOLOGY_ANALYSIS                      ; On                                                             ; Off                                  ; --          ; --         ;
; ROUTER_LCELL_INSERTION_AND_LOGIC_DUPLICATION           ; On                                                             ; Auto                                 ; --          ; --         ;
; ROUTER_TIMING_OPTIMIZATION_LEVEL                       ; MAXIMUM                                                        ; Normal                               ; --          ; --         ;
; SAVE_DISK_SPACE                                        ; Off                                                            ; On                                   ; --          ; --         ;
; SMART_RECOMPILE                                        ; On                                                             ; Off                                  ; --          ; --         ;
; SPD_FILE                                               ; rx_ciccomp.spd                                                 ; --                                   ; --          ; --         ;
; SPD_FILE                                               ; tx_ciccomp.spd                                                 ; --                                   ; --          ; --         ;
; SYNTHESIS_ONLY_QIP                                     ; On                                                             ; --                                   ; --          ; --         ;
; SYNTHESIS_ONLY_QIP                                     ; On                                                             ; --                                   ; --          ; --         ;
; SYNTH_GATED_CLOCK_CONVERSION                           ; On                                                             ; Off                                  ; --          ; --         ;
; TIMING_ANALYZER_REPORT_SCRIPT_INCLUDE_DEFAULT_ANALYSIS ; Off                                                            ; On                                   ; --          ; --         ;
; USE_LOGIC_ANALYZER_INTERFACE_FILE                      ; debugger1.lai                                                  ; --                                   ; --          ; --         ;
; USE_SIGNALTAP_FILE                                     ; stp1.stp                                                       ; --                                   ; --          ; --         ;
+--------------------------------------------------------+----------------------------------------------------------------+--------------------------------------+-------------+------------+


+-----------------------------------------------------------------------------------------------------------------------------+
; Flow Elapsed Time                                                                                                           ;
+-------------------------+--------------+-------------------------+---------------------+------------------------------------+
; Module Name             ; Elapsed Time ; Average Processors Used ; Peak Virtual Memory ; Total CPU Time (on all processors) ;
+-------------------------+--------------+-------------------------+---------------------+------------------------------------+
; Analysis & Synthesis    ; 00:02:11     ; 1.0                     ; 4805 MB             ; 00:04:21                           ;
; Analysis & Synthesis    ; 00:03:47     ; 1.0                     ; 4924 MB             ; 00:05:28                           ;
; Partition Merge         ; 00:00:06     ; 1.0                     ; 4696 MB             ; 00:00:06                           ;
; I/O Assignment Analysis ; 00:00:23     ; 1.0                     ; 4893 MB             ; 00:00:13                           ;
; Fitter                  ; 00:01:52     ; 1.1                     ; 5725 MB             ; 00:04:07                           ;
; Assembler               ; 00:00:06     ; 1.0                     ; 4702 MB             ; 00:00:05                           ;
; Power Analyzer          ; 00:00:11     ; 1.1                     ; 4843 MB             ; 00:00:12                           ;
; Timing Analyzer         ; 00:00:09     ; 1.6                     ; 4873 MB             ; 00:00:12                           ;
; Analysis & Synthesis    ; 00:03:26     ; 1.0                     ; 5005 MB             ; 00:05:54                           ;
; Partition Merge         ; 00:00:05     ; 1.0                     ; 4702 MB             ; 00:00:05                           ;
; I/O Assignment Analysis ; 00:00:14     ; 1.0                     ; 4902 MB             ; 00:00:13                           ;
; Fitter                  ; 00:02:11     ; 1.2                     ; 5706 MB             ; 00:04:54                           ;
; Assembler               ; 00:00:08     ; 1.0                     ; 4705 MB             ; 00:00:07                           ;
; Power Analyzer          ; 00:00:13     ; 1.1                     ; 4841 MB             ; 00:00:15                           ;
; Timing Analyzer         ; 00:00:11     ; 1.5                     ; 4874 MB             ; 00:00:13                           ;
; Analysis & Synthesis    ; 00:03:00     ; 1.0                     ; 5007 MB             ; 00:05:23                           ;
; Partition Merge         ; 00:00:04     ; 1.0                     ; 4703 MB             ; 00:00:04                           ;
; I/O Assignment Analysis ; 00:00:11     ; 1.0                     ; 4902 MB             ; 00:00:12                           ;
; Fitter                  ; 00:01:38     ; 1.1                     ; 5728 MB             ; 00:03:36                           ;
; Assembler               ; 00:00:05     ; 1.0                     ; 4704 MB             ; 00:00:05                           ;
; Power Analyzer          ; 00:00:11     ; 1.2                     ; 4841 MB             ; 00:00:12                           ;
; Timing Analyzer         ; 00:00:08     ; 1.5                     ; 4873 MB             ; 00:00:10                           ;
; Analysis & Synthesis    ; 00:02:48     ; 1.0                     ; 5005 MB             ; 00:04:47                           ;
; Partition Merge         ; 00:00:03     ; 1.0                     ; 4704 MB             ; 00:00:04                           ;
; I/O Assignment Analysis ; 00:00:10     ; 1.0                     ; 4899 MB             ; 00:00:11                           ;
; Fitter                  ; 00:01:30     ; 1.1                     ; 5701 MB             ; 00:03:15                           ;
; Assembler               ; 00:00:05     ; 1.0                     ; 4702 MB             ; 00:00:05                           ;
; Power Analyzer          ; 00:00:10     ; 1.1                     ; 4837 MB             ; 00:00:12                           ;
; Timing Analyzer         ; 00:00:09     ; 1.5                     ; 4862 MB             ; 00:00:10                           ;
; Analysis & Synthesis    ; 00:03:16     ; 1.2                     ; 4953 MB             ; 00:05:36                           ;
; Partition Merge         ; 00:00:06     ; 1.0                     ; 4708 MB             ; 00:00:06                           ;
; I/O Assignment Analysis ; 00:00:14     ; 1.0                     ; 4901 MB             ; 00:00:15                           ;
; Fitter                  ; 00:02:35     ; 1.2                     ; 5738 MB             ; 00:05:42                           ;
; Assembler               ; 00:00:07     ; 1.0                     ; 4707 MB             ; 00:00:07                           ;
; Power Analyzer          ; 00:00:14     ; 1.1                     ; 4840 MB             ; 00:00:16                           ;
; Timing Analyzer         ; 00:00:12     ; 1.5                     ; 4873 MB             ; 00:00:14                           ;
; Analysis & Synthesis    ; 00:02:43     ; 1.0                     ; 5011 MB             ; 00:04:38                           ;
; Partition Merge         ; 00:00:03     ; 1.0                     ; 4705 MB             ; 00:00:04                           ;
; I/O Assignment Analysis ; 00:00:12     ; 1.0                     ; 4904 MB             ; 00:00:12                           ;
; Fitter                  ; 00:01:39     ; 1.2                     ; 5738 MB             ; 00:03:35                           ;
; Assembler               ; 00:00:05     ; 1.0                     ; 4705 MB             ; 00:00:05                           ;
; Power Analyzer          ; 00:00:11     ; 1.2                     ; 4846 MB             ; 00:00:12                           ;
; Timing Analyzer         ; 00:00:08     ; 1.5                     ; 4879 MB             ; 00:00:10                           ;
; Total                   ; 00:37:10     ; --                      ; --                  ; 01:06:03                           ;
+-------------------------+--------------+-------------------------+---------------------+------------------------------------+


+---------------------------------------------------------------------------------------+
; Flow OS Summary                                                                       ;
+-------------------------+------------------+------------+------------+----------------+
; Module Name             ; Machine Hostname ; OS Name    ; OS Version ; Processor type ;
+-------------------------+------------------+------------+------------+----------------+
; Analysis & Synthesis    ; GUDRON-DESKTOP   ; Windows 10 ; 10.0       ; x86_64         ;
; Analysis & Synthesis    ; GUDRON-DESKTOP   ; Windows 10 ; 10.0       ; x86_64         ;
; Partition Merge         ; GUDRON-DESKTOP   ; Windows 10 ; 10.0       ; x86_64         ;
; I/O Assignment Analysis ; GUDRON-DESKTOP   ; Windows 10 ; 10.0       ; x86_64         ;
; Fitter                  ; GUDRON-DESKTOP   ; Windows 10 ; 10.0       ; x86_64         ;
; Assembler               ; GUDRON-DESKTOP   ; Windows 10 ; 10.0       ; x86_64         ;
; Power Analyzer          ; GUDRON-DESKTOP   ; Windows 10 ; 10.0       ; x86_64         ;
; Timing Analyzer         ; GUDRON-DESKTOP   ; Windows 10 ; 10.0       ; x86_64         ;
; Analysis & Synthesis    ; GUDRON-DESKTOP   ; Windows 10 ; 10.0       ; x86_64         ;
; Partition Merge         ; GUDRON-DESKTOP   ; Windows 10 ; 10.0       ; x86_64         ;
; I/O Assignment Analysis ; GUDRON-DESKTOP   ; Windows 10 ; 10.0       ; x86_64         ;
; Fitter                  ; GUDRON-DESKTOP   ; Windows 10 ; 10.0       ; x86_64         ;
; Assembler               ; GUDRON-DESKTOP   ; Windows 10 ; 10.0       ; x86_64         ;
; Power Analyzer          ; GUDRON-DESKTOP   ; Windows 10 ; 10.0       ; x86_64         ;
; Timing Analyzer         ; GUDRON-DESKTOP   ; Windows 10 ; 10.0       ; x86_64         ;
; Analysis & Synthesis    ; GUDRON-DESKTOP   ; Windows 10 ; 10.0       ; x86_64         ;
; Partition Merge         ; GUDRON-DESKTOP   ; Windows 10 ; 10.0       ; x86_64         ;
; I/O Assignment Analysis ; GUDRON-DESKTOP   ; Windows 10 ; 10.0       ; x86_64         ;
; Fitter                  ; GUDRON-DESKTOP   ; Windows 10 ; 10.0       ; x86_64         ;
; Assembler               ; GUDRON-DESKTOP   ; Windows 10 ; 10.0       ; x86_64         ;
; Power Analyzer          ; GUDRON-DESKTOP   ; Windows 10 ; 10.0       ; x86_64         ;
; Timing Analyzer         ; GUDRON-DESKTOP   ; Windows 10 ; 10.0       ; x86_64         ;
; Analysis & Synthesis    ; GUDRON-DESKTOP   ; Windows 10 ; 10.0       ; x86_64         ;
; Partition Merge         ; GUDRON-DESKTOP   ; Windows 10 ; 10.0       ; x86_64         ;
; I/O Assignment Analysis ; GUDRON-DESKTOP   ; Windows 10 ; 10.0       ; x86_64         ;
; Fitter                  ; GUDRON-DESKTOP   ; Windows 10 ; 10.0       ; x86_64         ;
; Assembler               ; GUDRON-DESKTOP   ; Windows 10 ; 10.0       ; x86_64         ;
; Power Analyzer          ; GUDRON-DESKTOP   ; Windows 10 ; 10.0       ; x86_64         ;
; Timing Analyzer         ; GUDRON-DESKTOP   ; Windows 10 ; 10.0       ; x86_64         ;
; Analysis & Synthesis    ; GUDRON-DESKTOP   ; Windows 10 ; 10.0       ; x86_64         ;
; Partition Merge         ; GUDRON-DESKTOP   ; Windows 10 ; 10.0       ; x86_64         ;
; I/O Assignment Analysis ; GUDRON-DESKTOP   ; Windows 10 ; 10.0       ; x86_64         ;
; Fitter                  ; GUDRON-DESKTOP   ; Windows 10 ; 10.0       ; x86_64         ;
; Assembler               ; GUDRON-DESKTOP   ; Windows 10 ; 10.0       ; x86_64         ;
; Power Analyzer          ; GUDRON-DESKTOP   ; Windows 10 ; 10.0       ; x86_64         ;
; Timing Analyzer         ; GUDRON-DESKTOP   ; Windows 10 ; 10.0       ; x86_64         ;
; Analysis & Synthesis    ; GUDRON-DESKTOP   ; Windows 10 ; 10.0       ; x86_64         ;
; Partition Merge         ; GUDRON-DESKTOP   ; Windows 10 ; 10.0       ; x86_64         ;
; I/O Assignment Analysis ; GUDRON-DESKTOP   ; Windows 10 ; 10.0       ; x86_64         ;
; Fitter                  ; GUDRON-DESKTOP   ; Windows 10 ; 10.0       ; x86_64         ;
; Assembler               ; GUDRON-DESKTOP   ; Windows 10 ; 10.0       ; x86_64         ;
; Power Analyzer          ; GUDRON-DESKTOP   ; Windows 10 ; 10.0       ; x86_64         ;
; Timing Analyzer         ; GUDRON-DESKTOP   ; Windows 10 ; 10.0       ; x86_64         ;
+-------------------------+------------------+------------+------------+----------------+


------------
; Flow Log ;
------------
quartus_map --read_settings_files=on --write_settings_files=off WOLF-LITE -c WOLF-LITE
quartus_map --read_settings_files=on --write_settings_files=off WOLF-LITE -c WOLF-LITE
quartus_cdb --read_settings_files=off --write_settings_files=off WOLF-LITE -c WOLF-LITE --merge=on
quartus_fit --read_settings_files=off --write_settings_files=off WOLF-LITE -c WOLF-LITE --plan
quartus_fit --read_settings_files=off --write_settings_files=off WOLF-LITE -c WOLF-LITE
quartus_asm --read_settings_files=off --write_settings_files=off WOLF-LITE -c WOLF-LITE
quartus_pow --read_settings_files=off --write_settings_files=off WOLF-LITE -c WOLF-LITE
quartus_sta WOLF-LITE -c WOLF-LITE
quartus_map --read_settings_files=on --write_settings_files=off WOLF-LITE -c WOLF-LITE
quartus_cdb --read_settings_files=off --write_settings_files=off WOLF-LITE -c WOLF-LITE --merge=on
quartus_fit --read_settings_files=off --write_settings_files=off WOLF-LITE -c WOLF-LITE --plan
quartus_fit --read_settings_files=off --write_settings_files=off WOLF-LITE -c WOLF-LITE
quartus_asm --read_settings_files=off --write_settings_files=off WOLF-LITE -c WOLF-LITE
quartus_pow --read_settings_files=off --write_settings_files=off WOLF-LITE -c WOLF-LITE
quartus_sta WOLF-LITE -c WOLF-LITE
quartus_map --read_settings_files=on --write_settings_files=off WOLF-LITE -c WOLF-LITE
quartus_cdb --read_settings_files=off --write_settings_files=off WOLF-LITE -c WOLF-LITE --merge=on
quartus_fit --read_settings_files=off --write_settings_files=off WOLF-LITE -c WOLF-LITE --plan
quartus_fit --read_settings_files=off --write_settings_files=off WOLF-LITE -c WOLF-LITE
quartus_asm --read_settings_files=off --write_settings_files=off WOLF-LITE -c WOLF-LITE
quartus_pow --read_settings_files=off --write_settings_files=off WOLF-LITE -c WOLF-LITE
quartus_sta WOLF-LITE -c WOLF-LITE
quartus_map --read_settings_files=on --write_settings_files=off WOLF-LITE -c WOLF-LITE
quartus_cdb --read_settings_files=off --write_settings_files=off WOLF-LITE -c WOLF-LITE --merge=on
quartus_fit --read_settings_files=off --write_settings_files=off WOLF-LITE -c WOLF-LITE --plan
quartus_fit --read_settings_files=off --write_settings_files=off WOLF-LITE -c WOLF-LITE
quartus_asm --read_settings_files=off --write_settings_files=off WOLF-LITE -c WOLF-LITE
quartus_pow --read_settings_files=off --write_settings_files=off WOLF-LITE -c WOLF-LITE
quartus_sta WOLF-LITE -c WOLF-LITE
quartus_map --read_settings_files=on --write_settings_files=off WOLF-LITE -c WOLF-LITE
quartus_cdb --read_settings_files=off --write_settings_files=off WOLF-LITE -c WOLF-LITE --merge=on
quartus_fit --read_settings_files=off --write_settings_files=off WOLF-LITE -c WOLF-LITE --plan
quartus_fit --read_settings_files=off --write_settings_files=off WOLF-LITE -c WOLF-LITE
quartus_asm --read_settings_files=off --write_settings_files=off WOLF-LITE -c WOLF-LITE
quartus_pow --read_settings_files=off --write_settings_files=off WOLF-LITE -c WOLF-LITE
quartus_sta WOLF-LITE -c WOLF-LITE
quartus_map --read_settings_files=on --write_settings_files=off WOLF-LITE -c WOLF-LITE
quartus_cdb --read_settings_files=off --write_settings_files=off WOLF-LITE -c WOLF-LITE --merge=on
quartus_fit --read_settings_files=off --write_settings_files=off WOLF-LITE -c WOLF-LITE --plan
quartus_fit --read_settings_files=off --write_settings_files=off WOLF-LITE -c WOLF-LITE
quartus_asm --read_settings_files=off --write_settings_files=off WOLF-LITE -c WOLF-LITE
quartus_pow --read_settings_files=off --write_settings_files=off WOLF-LITE -c WOLF-LITE
quartus_sta WOLF-LITE -c WOLF-LITE



